Component: Arm Compiler for Embedded 6.18 Tool: armlink [5e4cc100]

==============================================================================

Section Cross References

    source.o(.text.__main) refers to source.o(.text.Initialize_ModelParameters) for Initialize_ModelParameters
    source.o(.text.__main) refers to source.o(.bss.audio_sample) for audio_sample
    source.o(.text.__main) refers to source.o(.text.Model_Inference) for Model_Inference
    source.o(.text.__main) refers to f2d.o(x$fpl$f2d) for __aeabi_f2d
    source.o(.text.__main) refers to dcmp.o(x$fpl$fcmp) for __aeabi_dcmple
    source.o(.text.__main) refers to source.o(.rodata.str1.1) for .L.str
    source.o(.text.__main) refers to printf.o(.text) for printf
    source.o(.ARM.exidx.text.__main) refers to source.o(.text.__main) for [Anonymous Symbol]
    source.o(.text.Model_Inference) refers to source.o(.bss.Kernel_L1) for Kernel_L1
    source.o(.text.Model_Inference) refers to source.o(.bss.audio_out_layer1) for audio_out_layer1
    source.o(.text.Model_Inference) refers to source.o(.text.Conv2DLayer_KernelSize5) for Conv2DLayer_KernelSize5
    source.o(.text.Model_Inference) refers to source.o(.bss.Bais_L1) for Bais_L1
    source.o(.text.Model_Inference) refers to source.o(.text.AddBais) for AddBais
    source.o(.text.Model_Inference) refers to source.o(.bss.Kernel_L2) for Kernel_L2
    source.o(.text.Model_Inference) refers to source.o(.bss.audio_out_layer2) for audio_out_layer2
    source.o(.text.Model_Inference) refers to source.o(.bss.Bais_L2) for Bais_L2
    source.o(.text.Model_Inference) refers to source.o(.bss.Kernel_L3) for Kernel_L3
    source.o(.text.Model_Inference) refers to source.o(.bss.audio_out_layer3) for audio_out_layer3
    source.o(.text.Model_Inference) refers to source.o(.bss.Bais_L3) for Bais_L3
    source.o(.text.Model_Inference) refers to source.o(.bss.Kernel_L4) for Kernel_L4
    source.o(.text.Model_Inference) refers to source.o(.bss.audio_out_layer4) for audio_out_layer4
    source.o(.text.Model_Inference) refers to source.o(.bss.Bais_L4) for Bais_L4
    source.o(.text.Model_Inference) refers to source.o(.bss.Kernel_L5) for Kernel_L5
    source.o(.text.Model_Inference) refers to source.o(.bss.audio_out_layer5) for audio_out_layer5
    source.o(.text.Model_Inference) refers to source.o(.bss.Bais_L5) for Bais_L5
    source.o(.text.Model_Inference) refers to source.o(.bss.audio_out_layer6) for audio_out_layer6
    source.o(.text.Model_Inference) refers to source.o(.text.MaxPoolLayer) for MaxPoolLayer
    source.o(.text.Model_Inference) refers to source.o(.bss.Weights_L7) for Weights_L7
    source.o(.text.Model_Inference) refers to source.o(.text.FullyConnectedLayer) for FullyConnectedLayer
    source.o(.text.Model_Inference) refers to source.o(.bss.Bais_L7) for Bais_L7
    source.o(.text.Model_Inference) refers to f2d.o(x$fpl$f2d) for __aeabi_f2d
    source.o(.text.Model_Inference) refers to exp.o(i.__hardfp_exp) for __hardfp_exp
    source.o(.text.Model_Inference) refers to d2f.o(x$fpl$d2f) for __aeabi_d2f
    source.o(.text.Model_Inference) refers to source.o(.bss.Weight_L8) for Weight_L8
    source.o(.text.Model_Inference) refers to source.o(.bss.Bais_L8) for Bais_L8
    source.o(.text.Model_Inference) refers to source.o(.text.Sigmoid) for Sigmoid
    source.o(.ARM.exidx.text.Model_Inference) refers to source.o(.text.Model_Inference) for [Anonymous Symbol]
    source.o(.text.Initialize_ModelParameters) refers to source.o(.rodata..L__const.Initialize_ModelParameters.audio_sample_data) for .L__const.Initialize_ModelParameters.audio_sample_data
    source.o(.text.Initialize_ModelParameters) refers to rt_memcpy_w.o(.text) for __aeabi_memcpy4
    source.o(.text.Initialize_ModelParameters) refers to source.o(.rodata..L__const.Initialize_ModelParameters.Kernel_L1_data) for .L__const.Initialize_ModelParameters.Kernel_L1_data
    source.o(.text.Initialize_ModelParameters) refers to source.o(.rodata..L__const.Initialize_ModelParameters.Kernel_L2_data) for .L__const.Initialize_ModelParameters.Kernel_L2_data
    source.o(.text.Initialize_ModelParameters) refers to source.o(.rodata..L__const.Initialize_ModelParameters.Kernel_L3_data) for .L__const.Initialize_ModelParameters.Kernel_L3_data
    source.o(.text.Initialize_ModelParameters) refers to source.o(.rodata..L__const.Initialize_ModelParameters.Kernel_L4_data) for .L__const.Initialize_ModelParameters.Kernel_L4_data
    source.o(.text.Initialize_ModelParameters) refers to source.o(.rodata..L__const.Initialize_ModelParameters.Kernel_L5_data) for .L__const.Initialize_ModelParameters.Kernel_L5_data
    source.o(.text.Initialize_ModelParameters) refers to source.o(.rodata..L__const.Initialize_ModelParameters.Weights_L7_data) for .L__const.Initialize_ModelParameters.Weights_L7_data
    source.o(.text.Initialize_ModelParameters) refers to source.o(.bss.audio_sample) for audio_sample
[...]
    .text                                    0x00001418   Section        0  _c16rtomb.o(.text)
    .text                                    0x00001460   Section       16  rt_ctype_table.o(.text)
    .text                                    0x00001470   Section        8  rt_locale.o(.text)
    .text                                    0x00001478   Section        0  h1_free.o(.text)
    .text                                    0x000014c8   Section        0  _printf_fp_infnan.o(.text)
    .text                                    0x00001548   Section        0  bigflt0.o(.text)
    .text                                    0x0000162c   Section        0  flsbuf.o(.text)
    .text                                    0x0000180e   Section        0  setvbuf.o(.text)
    _freopen_locked                          0x00001855   Thumb Code     0  fopen.o(.text)
    .text                                    0x00001854   Section        0  fopen.o(.text)
    .text                                    0x00001944   Section        0  fclose.o(.text)
    .text                                    0x00001990   Section        0  defsig_rtred_outer.o(.text)
    .text                                    0x0000199e   Section       78  rt_memclr_w.o(.text)
    .text                                    0x000019ec   Section        0  sys_io.o(.text)
    .text                                    0x00001a54   Section        8  rt_heap_descriptor.o(.text)
    .text                                    0x00001a5c   Section        0  hguard.o(.text)
    .text                                    0x00001a60   Section        0  init_alloc.o(.text)
    .text                                    0x00001aea   Section        0  h1_alloc.o(.text)
    .text                                    0x00001b48   Section        0  fseek.o(.text)
    .text                                    0x00001c40   Section        0  stdio.o(.text)
    .text                                    0x00001d30   Section        0  defsig_exit.o(.text)
    .text                                    0x00001d3c   Section        0  defsig_rtred_inner.o(.text)
    .text                                    0x00001d70   Section      124  strcmpv7em.o(.text)
    .text                                    0x00001dec   Section        0  sys_exit.o(.text)
    .text                                    0x00001df8   Section        2  use_no_semi.o(.text)
    .text                                    0x00001dfa   Section        0  indicate_semi.o(.text)
    .text                                    0x00001dfa   Section        0  maybetermalloc1.o(.text)
    .text                                    0x00001dfa   Section        0  h1_init.o(.text)
    .text                                    0x00001e08   Section        0  h1_extend.o(.text)
    .text                                    0x00001e3c   Section        0  ftell.o(.text)
    .text                                    0x00001e7e   Section        0  defsig_general.o(.text)
    .text                                    0x00001eb0   Section        0  defsig_rtmem_outer.o(.text)
    .text                                    0x00001ebe   Section        0  strlen.o(.text)
    .text                                    0x00001efc   Section        0  sys_wrch.o(.text)
    .text                                    0x00001f0c   Section        0  defsig_rtmem_inner.o(.text)
    AddBais                                  0x00001f5d   Thumb Code   142  source.o(.text.AddBais)
    [Anonymous Symbol]                       0x00001f5c   Section        0  source.o(.text.AddBais)
    Conv2DLayer_KernelSize5                  0x00001fed   Thumb Code   136  source.o(.text.Conv2DLayer_KernelSize5)
    [Anonymous Symbol]                       0x00001fec   Section        0  source.o(.text.Conv2DLayer_KernelSize5)
    FullyConnectedLayer                      0x00002075   Thumb Code    82  source.o(.text.FullyConnectedLayer)
    [Anonymous Symbol]                       0x00002074   Section        0  source.o(.text.FullyConnectedLayer)
    Get_Maximum                              0x000020c9   Thumb Code   114  source.o(.text.Get_Maximum)
    [Anonymous Symbol]                       0x000020c8   Section        0  source.o(.text.Get_Maximum)
    Initialize_ModelParameters               0x0000213d   Thumb Code   622  source.o(.text.Initialize_ModelParameters)
    [Anonymous Symbol]                       0x0000213c   Section        0  source.o(.text.Initialize_ModelParameters)
    MaxPoolLayer                             0x000023ad   Thumb Code   178  source.o(.text.MaxPoolLayer)
    [Anonymous Symbol]                       0x000023ac   Section        0  source.o(.text.MaxPoolLayer)
    Model_Inference                          0x00002461   Thumb Code   462  source.o(.text.Model_Inference)
    [Anonymous Symbol]                       0x00002460   Section        0  source.o(.text.Model_Inference)
    Perform_Mat5Conv2D                       0x00002631   Thumb Code   116  source.o(.text.Perform_Mat5Conv2D)
    [Anonymous Symbol]                       0x00002630   Section        0  source.o(.text.Perform_Mat5Conv2D)
    Populate_MatMaxPool5X2                   0x000026a5   Thumb Code    92  source.o(.text.Populate_MatMaxPool5X2)
    [Anonymous Symbol]                       0x000026a4   Section        0  source.o(.text.Populate_MatMaxPool5X2)
    Populate_PixelMat5                       0x00002701   Thumb Code   116  source.o(.text.Populate_PixelMat5)
    [Anonymous Symbol]                       0x00002700   Section        0  source.o(.text.Populate_PixelMat5)
    Sigmoid                                  0x00002779   Thumb Code    96  source.o(.text.Sigmoid)
    [Anonymous Symbol]                       0x00002778   Section        0  source.o(.text.Sigmoid)
    [Anonymous Symbol]                       0x000027d8   Section        0  system_tm4c123.o(.text.SystemInit)
    [Anonymous Symbol]                       0x000027f0   Section        0  source.o(.text.__main)
    CL$$btod_d2e                             0x00002850   Section       62  btod.o(CL$$btod_d2e)
    CL$$btod_d2e_denorm_low                  0x0000288e   Section       70  btod.o(CL$$btod_d2e_denorm_low)
    CL$$btod_d2e_norm_op1                    0x000028d4   Section       96  btod.o(CL$$btod_d2e_norm_op1)
    CL$$btod_div_common                      0x00002934   Section      824  btod.o(CL$$btod_div_common)
    CL$$btod_e2e                             0x00002c6c   Section      220  btod.o(CL$$btod_e2e)
    CL$$btod_ediv                            0x00002d48   Section       42  btod.o(CL$$btod_ediv)
    CL$$btod_emul                            0x00002d72   Section       42  btod.o(CL$$btod_emul)
    CL$$btod_mult_common                     0x00002d9c   Section      580  btod.o(CL$$btod_mult_common)
    i.__ARM_fpclassify                       0x00002fe0   Section        0  fpclassify.o(i.__ARM_fpclassify)
    i.__hardfp_exp                           0x00003010   Section        0  exp.o(i.__hardfp_exp)
    i.__kernel_poly                          0x00003368   Section        0  poly.o(i.__kernel_poly)
    i.__mathlib_dbl_infnan                   0x00003460   Section        0  dunder.o(i.__mathlib_dbl_infnan)
    i.__mathlib_dbl_overflow                 0x00003478   Section        0  dunder.o(i.__mathlib_dbl_overflow)
    i.__mathlib_dbl_underflow                0x00003498   Section        0  dunder.o(i.__mathlib_dbl_underflow)
    i._is_digit                              0x000034b8   Section        0  __printf_wp.o(i._is_digit)
    i.fputc                                  0x000034c6   Section        0  fputc.o(i.fputc)
    locale$$code                             0x000034e4   Section       44  lc_numeric_c.o(locale$$code)
    locale$$code                             0x00003510   Section       44  lc_ctype_c.o(locale$$code)
    $v0                                      0x0000353c   Number         0  d2f.o(x$fpl$d2f)
    x$fpl$d2f                                0x0000353c   Section       98  d2f.o(x$fpl$d2f)
    $v0                                      0x000035a0   Number         0  daddsub_clz.o(x$fpl$dadd)
    x$fpl$dadd                               0x000035a0   Section      336  daddsub_clz.o(x$fpl$dadd)
    _dadd1                                   0x000035b1   Thumb Code     0  daddsub_clz.o(x$fpl$dadd)
    $v0                                      0x000036f0   Number         0  dcmpi.o(x$fpl$dcmpinf)
    x$fpl$dcmpinf                            0x000036f0   Section       24  dcmpi.o(x$fpl$dcmpinf)
    $v0                                      0x00003708   Number         0  ddiv.o(x$fpl$ddiv)
    x$fpl$ddiv                               0x00003708   Section      692  ddiv.o(x$fpl$ddiv)
    ddiv_entry                               0x0000370f   Thumb Code     0  ddiv.o(x$fpl$ddiv)
    $v0                                      0x000039bc   Number         0  deqf.o(x$fpl$deqf)
    x$fpl$deqf                               0x000039bc   Section      120  deqf.o(x$fpl$deqf)
    $v0                                      0x00003a34   Number         0  dfix.o(x$fpl$dfix)
    x$fpl$dfix                               0x00003a34   Section       94  dfix.o(x$fpl$dfix)
    $v0                                      0x00003a92   Number         0  dflt_clz.o(x$fpl$dflt)
    x$fpl$dflt                               0x00003a92   Section       46  dflt_clz.o(x$fpl$dflt)
    $v0                                      0x00003ac0   Number         0  dgeqf.o(x$fpl$dgeqf)
    x$fpl$dgeqf                              0x00003ac0   Section      120  dgeqf.o(x$fpl$dgeqf)
    $v0                                      0x00003b38   Number         0  dleqf.o(x$fpl$dleqf)
    x$fpl$dleqf                              0x00003b38   Section      120  dleqf.o(x$fpl$dleqf)
    $v0                                      0x00003bb0   Number         0  dmul.o(x$fpl$dmul)
    x$fpl$dmul                               0x00003bb0   Section      340  dmul.o(x$fpl$dmul)
    $v0                                      0x00003d04   Number         0  dnaninf.o(x$fpl$dnaninf)
    x$fpl$dnaninf                            0x00003d04   Section      156  dnaninf.o(x$fpl$dnaninf)
    $v0                                      0x00003da0   Number         0  dretinf.o(x$fpl$dretinf)
    x$fpl$dretinf                            0x00003da0   Section       12  dretinf.o(x$fpl$dretinf)
    $v0                                      0x00003dac   Number         0  drleqf.o(x$fpl$drleqf)
    x$fpl$drleqf                             0x00003dac   Section      108  drleqf.o(x$fpl$drleqf)
    $v0                                      0x00003e18   Number         0  daddsub_clz.o(x$fpl$drsb)
    x$fpl$drsb                               0x00003e18   Section       22  daddsub_clz.o(x$fpl$drsb)
    $v0                                      0x00003e30   Number         0  daddsub_clz.o(x$fpl$dsub)
    x$fpl$dsub                               0x00003e30   Section      476  daddsub_clz.o(x$fpl$dsub)
    _dsub1                                   0x00003e41   Thumb Code     0  daddsub_clz.o(x$fpl$dsub)
    $v0                                      0x0000400c   Number         0  f2d.o(x$fpl$f2d)
    x$fpl$f2d                                0x0000400c   Section       86  f2d.o(x$fpl$f2d)
    $v0                                      0x00004062   Number         0  dcmp.o(x$fpl$fcmp)
    x$fpl$fcmp                               0x00004062   Section       84  dcmp.o(x$fpl$fcmp)
    $v0                                      0x000040b6   Number         0  fnaninf.o(x$fpl$fnaninf)
    x$fpl$fnaninf                            0x000040b6   Section      140  fnaninf.o(x$fpl$fnaninf)
    $v0                                      0x00004142   Number         0  fretinf.o(x$fpl$fretinf)
    x$fpl$fretinf                            0x00004142   Section       10  fretinf.o(x$fpl$fretinf)
    $v0                                      0x0000414c   Number         0  printf1.o(x$fpl$printf1)
    x$fpl$printf1                            0x0000414c   Section        4  printf1.o(x$fpl$printf1)
    $v0                                      0x00004150   Number         0  printf2.o(x$fpl$printf2)
    x$fpl$printf2                            0x00004150   Section        4  printf2.o(x$fpl$printf2)
    x$fpl$usenofp                            0x00004154   Section        0  usenofp.o(x$fpl$usenofp)
    halF                                     0x00004158   Data          16  exp.o(.constdata)
    .constdata                               0x00004158   Section       88  exp.o(.constdata)
    ln2HI                                    0x00004168   Data          16  exp.o(.constdata)
    ln2LO                                    0x00004178   Data          16  exp.o(.constdata)
    P                                        0x00004188   Data          40  exp.o(.constdata)
    initial_mbstate                          0x000041b0   Data           8  _printf_wctomb.o(.constdata)
    .constdata                               0x000041b0   Section        8  _printf_wctomb.o(.constdata)
    uc_hextab                                0x000041b8   Data          20  _printf_hex_int_ll_ptr.o(.constdata)
    .constdata                               0x000041b8   Section       40  _printf_hex_int_ll_ptr.o(.constdata)
    lc_hextab                                0x000041cc   Data          20  _printf_hex_int_ll_ptr.o(.constdata)
    maptable                                 0x000041e0   Data          17  __printf_flags_ss_wp.o(.constdata)
    .constdata                               0x000041e0   Section       17  __printf_flags_ss_wp.o(.constdata)
    lc_hextab                                0x000041f1   Data          19  _printf_fp_hex.o(.constdata)
    .constdata                               0x000041f1   Section       38  _printf_fp_hex.o(.constdata)
    uc_hextab                                0x00004204   Data          19  _printf_fp_hex.o(.constdata)
    .constdata                               0x00004217   Section        4  sys_io_names.o(.constdata)
    .constdata                               0x0000421b   Section        4  sys_io_names.o(.constdata)
    .constdata                               0x0000421f   Section        4  sys_io_names.o(.constdata)
    tenpwrs_x                                0x00004224   Data          60  bigflt0.o(.constdata)
    .constdata                               0x00004224   Section      148  bigflt0.o(.constdata)
    tenpwrs_i                                0x00004260   Data          64  bigflt0.o(.constdata)
    .L__const.Initialize_ModelParameters.Kernel_L1_data 0x000042b8   Data         100  source.o(.rodata..L__const.Initialize_ModelParameters.Kernel_L1_data)
    .L__const.Initialize_ModelParameters.Kernel_L2_data 0x0000431c   Data         100  source.o(.rodata..L__const.Initialize_ModelParameters.Kernel_L2_data)
    .L__const.Initialize_ModelParameters.Kernel_L3_data 0x00004380   Data         100  source.o(.rodata..L__const.Initialize_ModelParameters.Kernel_L3_data)
    .L__const.Initialize_ModelParameters.Kernel_L4_data 0x000043e4   Data         100  source.o(.rodata..L__const.Initialize_ModelParameters.Kernel_L4_data)
    .L__const.Initialize_ModelParameters.Kernel_L5_data 0x00004448   Data         100  source.o(.rodata..L__const.Initialize_ModelParameters.Kernel_L5_data)
    .L__const.Initialize_ModelParameters.Weights_L7_data 0x000044ac   Data         480  source.o(.rodata..L__const.Initialize_ModelParameters.Weights_L7_data)
    .L__const.Initialize_ModelParameters.audio_sample_data 0x0000468c   Data       12848  source.o(.rodata..L__const.Initialize_ModelParameters.audio_sample_data)
    .L.str.1                                 0x000078bc   Data          21  source.o(.rodata.str1.1)
    [Anonymous Symbol]                       0x000078bc   Section        0  source.o(.rodata.str1.1)
    .L.str                                   0x000078d1   Data          22  source.o(.rodata.str1.1)
    locale$$data                             0x000078e8   Section       28  lc_numeric_c.o(locale$$data)
    __lcnum_c_name                           0x000078ec   Data           2  lc_numeric_c.o(locale$$data)
    __lcnum_c_start                          0x000078f4   Data           0  lc_numeric_c.o(locale$$data)
    __lcnum_c_point                          0x00007900   Data           0  lc_numeric_c.o(locale$$data)
    __lcnum_c_thousands                      0x00007902   Data           0  lc_numeric_c.o(locale$$data)
    __lcnum_c_grouping                       0x00007903   Data           0  lc_numeric_c.o(locale$$data)
    __lcnum_c_end                            0x00007904   Data           0  lc_numeric_c.o(locale$$data)
    locale$$data                             0x00007904   Section      272  lc_ctype_c.o(locale$$data)
    __lcctype_c_name                         0x00007908   Data           2  lc_ctype_c.o(locale$$data)
    __lcctype_c_start                        0x00007910   Data           0  lc_ctype_c.o(locale$$data)
    __lcctype_c_end                          0x00007a14   Data           0  lc_ctype_c.o(locale$$data)
    .data                                    0x20000000   Section        4  stdio_streams.o(.data)
    .data                                    0x20000004   Section        4  stdio_streams.o(.data)
    .data                                    0x20000008   Section        4  stdio_streams.o(.data)
    .bss                                     0x20000010   Section       84  stdio_streams.o(.bss)
    .bss                                     0x20000064   Section       84  stdio_streams.o(.bss)
    .bss                                     0x200000b8   Section       84  stdio_streams.o(.bss)
    __aeabi_errno_addr_data                  0x2000010c   Data           4  rt_errno_addr.o(.bss)
    .bss                                     0x2000010c   Section        4  rt_errno_addr.o(.bss)
    __rt_locale_data                         0x20000110   Data          20  rt_locale.o(.bss)
    .bss                                     0x20000110   Section       20  rt_locale.o(.bss)
    __rt_heap_descriptor_data                0x20000124   Data           4  rt_heap_descriptor.o(.bss)
    .bss                                     0x20000124   Section        4  rt_heap_descriptor.o(.bss)
    Bais_L1                                  0x20000128   Data           4  source.o(.bss.Bais_L1)
    [Anonymous Symbol]                       0x20000128   Section        0  source.o(.bss.Bais_L1)
    Bais_L2                                  0x2000012c   Data           4  source.o(.bss.Bais_L2)
    [Anonymous Symbol]                       0x2000012c   Section        0  source.o(.bss.Bais_L2)
    Bais_L3                                  0x20000130   Data           4  source.o(.bss.Bais_L3)
    [Anonymous Symbol]                       0x20000130   Section        0  source.o(.bss.Bais_L3)
    Bais_L4                                  0x20000134   Data           4  source.o(.bss.Bais_L4)
    [Anonymous Symbol]                       0x20000134   Section        0  source.o(.bss.Bais_L4)
    Bais_L5                                  0x20000138   Data           4  source.o(.bss.Bais_L5)
    [Anonymous Symbol]                       0x20000138   Section        0  source.o(.bss.Bais_L5)
    Bais_L7                                  0x2000013c   Data           4  source.o(.bss.Bais_L7)
    [Anonymous Symbol]                       0x2000013c   Section        0  source.o(.bss.Bais_L7)
    Bais_L8                                  0x20000140   Data           4  source.o(.bss.Bais_L8)
    [Anonymous Symbol]                       0x20000140   Section        0  source.o(.bss.Bais_L8)
    Kernel_L1                                0x20000144   Data         100  source.o(.bss.Kernel_L1)
    [Anonymous Symbol]                       0x20000144   Section        0  source.o(.bss.Kernel_L1)
    Kernel_L2                                0x200001a8   Data         100  source.o(.bss.Kernel_L2)
    [Anonymous Symbol]                       0x200001a8   Section        0  source.o(.bss.Kernel_L2)
    Kernel_L3                                0x2000020c   Data         100  source.o(.bss.Kernel_L3)
    [Anonymous Symbol]                       0x2000020c   Section        0  source.o(.bss.Kernel_L3)
    Kernel_L4                                0x20000270   Data         100  source.o(.bss.Kernel_L4)
    [Anonymous Symbol]                       0x20000270   Section        0  source.o(.bss.Kernel_L4)
    Kernel_L5                                0x200002d4   Data         100  source.o(.bss.Kernel_L5)
    [Anonymous Symbol]                       0x200002d4   Section        0  source.o(.bss.Kernel_L5)
    Weight_L8                                0x20000338   Data           4  source.o(.bss.Weight_L8)
    [Anonymous Symbol]                       0x20000338   Section        0  source.o(.bss.Weight_L8)
    Weights_L7                               0x2000033c   Data         480  source.o(.bss.Weights_L7)
    [Anonymous Symbol]                       0x2000033c   Section        0  source.o(.bss.Weights_L7)
    audio_out_layer1                         0x2000051c   Data       44160  source.o(.bss.audio_out_layer1)
    [Anonymous Symbol]                       0x2000051c   Section        0  source.o(.bss.audio_out_layer1)
    audio_out_layer2                         0x2000b19c   Data       37440  source.o(.bss.audio_out_layer2)
    [Anonymous Symbol]                       0x2000b19c   Section        0  source.o(.bss.audio_out_layer2)
    audio_out_layer3                         0x200143dc   Data       31232  source.o(.bss.audio_out_layer3)
    [Anonymous Symbol]                       0x200143dc   Section        0  source.o(.bss.audio_out_layer3)
    audio_out_layer4                         0x2001bddc   Data       25536  source.o(.bss.audio_out_layer4)
    [Anonymous Symbol]                       0x2001bddc   Section        0  source.o(.bss.audio_out_layer4)
    audio_out_layer5                         0x2002219c   Data       20352  source.o(.bss.audio_out_layer5)
    [Anonymous Symbol]                       0x2002219c   Section        0  source.o(.bss.audio_out_layer5)
    audio_out_layer6                         0x2002711c   Data        1920  source.o(.bss.audio_out_layer6)
    [Anonymous Symbol]                       0x2002711c   Section        0  source.o(.bss.audio_out_layer6)
    audio_sample                             0x2002789c   Data       12848  source.o(.bss.audio_sample)
    [Anonymous Symbol]                       0x2002789c   Section        0  source.o(.bss.audio_sample)
    Heap_Mem                                 0x2002aad0   Data           0  startup_tm4c123.o(HEAP)
    Stack_Mem                                0x2002aad0   Data         512  startup_tm4c123.o(STACK)
    HEAP                                     0x2002aad0   Section        0  startup_tm4c123.o(HEAP)
    STACK                                    0x2002aad0   Section      512  startup_tm4c123.o(STACK)
    __initial_sp                             0x2002acd0   Data           0  startup_tm4c123.o(STACK)

    Global Symbols

    Symbol Name                              Value     Ov Type        Size  Object(Section)

    BuildAttributes$$THM_ISAv4$E$P$D$K$B$S$7EM$VFPi3$EXTD16$VFPS$VFMA$PE$A:L22UL41UL21$X:L11$S22US41US21$IEEE1$IW$~IW$USESV6$~STKCKD$USESV7$~SHL$OTIME$ROPI$IEEEX$EBA8$STANDARDLIB$REQ8$PRES8$EABIv2 0x00000000   Number         0  anon$$obj.o ABSOLUTE
    __Vectors                                0x00000000   Data           4  startup_tm4c123.o(RESET)
    _printf_flags                            0x00000000   Number         0  printf_stubs.o ABSOLUTE
    _printf_return_value                     0x00000000   Number         0  printf_stubs.o ABSOLUTE
    _printf_sizespec                         0x00000000   Number         0  printf_stubs.o ABSOLUTE
    _printf_widthprec                        0x00000000   Number         0  printf_stubs.o ABSOLUTE
    __ARM_exceptions_init                     - Undefined Weak Reference
    __alloca_initialize                       - Undefined Weak Reference
    __arm_preinit_                            - Undefined Weak Reference
    __arm_relocate_pie_                       - Undefined Weak Reference
    __cpp_initialize__aeabi_                  - Undefined Weak Reference
    __cxa_finalize                            - Undefined Weak Reference
    __sigvec_lookup                           - Undefined Weak Reference
    __user_heap_extent                        - Undefined Weak Reference
    _atexit_init                              - Undefined Weak Reference
    _clock_init                               - Undefined Weak Reference
    _fp_trap_init                             - Undefined Weak Reference
    _fp_trap_shutdown                         - Undefined Weak Reference
    _get_lc_collate                           - Undefined Weak Reference
    _get_lc_monetary                          - Undefined Weak Reference
    _get_lc_time                              - Undefined Weak Reference
    _getenv_init                              - Undefined Weak Reference
    _handle_redirection                       - Undefined Weak Reference
    _mutex_acquire                            - Undefined Weak Reference
    _mutex_free                               - Undefined Weak Reference
    _mutex_release                            - Undefined Weak Reference
    _printf_mbtowc                            - Undefined Weak Reference
    _printf_wc                                - Undefined Weak Reference
    _rand_init                                - Undefined Weak Reference
    _signal_finish                            - Undefined Weak Reference
    _signal_init                              - Undefined Weak Reference
    __Vectors_End                            0x0000026c   Data           0  startup_tm4c123.o(RESET)
    __Vectors_Size                           0x0000026c   Number         0  startup_tm4c123.o ABSOLUTE
    _printf_n                                0x0000026d   Thumb Code     0  _printf_n.o(.ARM.Collect$$_printf_percent$$00000001)
    _printf_percent                          0x0000026d   Thumb Code     0  _printf_percent.o(.ARM.Collect$$_printf_percent$$00000000)
    _printf_p                                0x00000273   Thumb Code     0  _printf_p.o(.ARM.Collect$$_printf_percent$$00000002)
    _printf_f                                0x00000279   Thumb Code     0  _printf_f.o(.ARM.Collect$$_printf_percent$$00000003)
    _printf_e                                0x0000027f   Thumb Code     0  _printf_e.o(.ARM.Collect$$_printf_percent$$00000004)
    _printf_g                                0x00000285   Thumb Code     0  _printf_g.o(.ARM.Collect$$_printf_percent$$00000005)
    _printf_a                                0x0000028b   Thumb Code     0  _printf_a.o(.ARM.Collect$$_printf_percent$$00000006)
    _printf_ll                               0x00000291   Thumb Code     0  _printf_ll.o(.ARM.Collect$$_printf_percent$$00000007)
    _printf_i                                0x0000029b   Thumb Code     0  _printf_i.o(.ARM.Collect$$_printf_percent$$00000008)
    _printf_d                                0x000002a1   Thumb Code     0  _printf_d.o(.ARM.Collect$$_printf_percent$$00000009)
    _printf_u                                0x000002a7   Thumb Code     0  _printf_u.o(.ARM.Collect$$_printf_percent$$0000000A)
    _printf_o                                0x000002ad   Thumb Code     0  _printf_o.o(.ARM.Collect$$_printf_percent$$0000000B)
    _printf_x                                0x000002b3   Thumb Code     0  _printf_x.o(.ARM.Collect$$_printf_percent$$0000000C)
    _printf_lli                              0x000002b9   Thumb Code     0  _printf_lli.o(.ARM.Collect$$_printf_percent$$0000000D)
    _printf_lld                              0x000002bf   Thumb Code     0  _printf_lld.o(.ARM.Collect$$_printf_percent$$0000000E)
    _printf_llu                              0x000002c5   Thumb Code     0  _printf_llu.o(.ARM.Collect$$_printf_percent$$0000000F)
    _printf_llo                              0x000002cb   Thumb Code     0  _printf_llo.o(.ARM.Collect$$_printf_percent$$00000010)
    _printf_llx                              0x000002d1   Thumb Code     0  _printf_llx.o(.ARM.Collect$$_printf_percent$$00000011)
    _printf_l                                0x000002d7   Thumb Code     0  _printf_l.o(.ARM.Collect$$_printf_percent$$00000012)
    _printf_c                                0x000002e1   Thumb Code     0  _printf_c.o(.ARM.Collect$$_printf_percent$$00000013)
    _printf_s                                0x000002e7   Thumb Code     0  _printf_s.o(.ARM.Collect$$_printf_percent$$00000014)
    _printf_lc                               0x000002ed   Thumb Code     0  _printf_lc.o(.ARM.Collect$$_printf_percent$$00000015)
    _printf_ls                               0x000002f3   Thumb Code     0  _printf_ls.o(.ARM.Collect$$_printf_percent$$00000016)
    _printf_percent_end                      0x000002f9   Thumb Code     0  _printf_percent_end.o(.ARM.Collect$$_printf_percent$$00000017)
    Reset_Handler                            0x000002fd   Thumb Code     8  startup_tm4c123.o(.text)
    __rt_lib_init_heap_2                     0x000002fd   Thumb Code     0  libinit2.o(.ARM.Collect$$libinit$$0000000C)
    __rt_lib_init_lc_ctype_2                 0x000002fd   Thumb Code     0  libinit2.o(.ARM.Collect$$libinit$$00000015)
    __rt_lib_init_lc_numeric_2               0x000002fd   Thumb Code     0  libinit2.o(.ARM.Collect$$libinit$$00000019)
    __rt_lib_init_stdio_2                    0x000002fd   Thumb Code     0  libinit2.o(.ARM.Collect$$libinit$$00000027)
    __rt_lib_shutdown_stdio_2                0x000002fd   Thumb Code     0  libshutdown2.o(.ARM.Collect$$libshutdown$$00000004)
    NMI_Handler                              0x00000305   Thumb Code     2  startup_tm4c123.o(.text)
    HardFault_Handler                        0x00000307   Thumb Code     2  startup_tm4c123.o(.text)
    MemManage_Handler                        0x00000309   Thumb Code     2  startup_tm4c123.o(.text)
    BusFault_Handler                         0x0000030b   Thumb Code     2  startup_tm4c123.o(.text)
    UsageFault_Handler                       0x0000030d   Thumb Code     2  startup_tm4c123.o(.text)
    SVC_Handler                              0x0000030f   Thumb Code     2  startup_tm4c123.o(.text)
    DebugMon_Handler                         0x00000311   Thumb Code     2  startup_tm4c123.o(.text)
    PendSV_Handler                           0x00000313   Thumb Code     2  startup_tm4c123.o(.text)
    SysTick_Handler                          0x00000315   Thumb Code     2  startup_tm4c123.o(.text)
    GPIOA_Handler                            0x00000317   Thumb Code     2  startup_tm4c123.o(.text)
    GPIOB_Handler                            0x00000319   Thumb Code     2  startup_tm4c123.o(.text)
    GPIOC_Handler                            0x0000031b   Thumb Code     2  startup_tm4c123.o(.text)
    GPIOD_Handler                            0x0000031d   Thumb Code     2  startup_tm4c123.o(.text)
    GPIOE_Handler                            0x0000031f   Thumb Code     2  startup_tm4c123.o(.text)
    UART0_Handler                            0x00000321   Thumb Code     2  startup_tm4c123.o(.text)
    UART1_Handler                            0x00000323   Thumb Code     2  startup_tm4c123.o(.text)
    SSI0_Handler                             0x00000325   Thumb Code     2  startup_tm4c123.o(.text)
    I2C0_Handler                             0x00000327   Thumb Code     2  startup_tm4c123.o(.text)
    PMW0_FAULT_Handler                       0x00000329   Thumb Code     2  startup_tm4c123.o(.text)
    PWM0_0_Handler                           0x0000032b   Thumb Code     2  startup_tm4c123.o(.text)
    PWM0_1_Handler                           0x0000032d   Thumb Code     2  startup_tm4c123.o(.text)
    PWM0_2_Handler                           0x0000032f   Thumb Code     2  startup_tm4c123.o(.text)
    QEI0_Handler                             0x00000331   Thumb Code     2  startup_tm4c123.o(.text)
    ADC0SS0_Handler                          0x00000333   Thumb Code     2  startup_tm4c123.o(.text)
    ADC0SS1_Handler                          0x00000335   Thumb Code     2  startup_tm4c123.o(.text)
    ADC0SS2_Handler                          0x00000337   Thumb Code     2  startup_tm4c123.o(.text)
    ADC0SS3_Handler                          0x00000339   Thumb Code     2  startup_tm4c123.o(.text)
    WDT0_Handler                             0x0000033b   Thumb Code     2  startup_tm4c123.o(.text)
    TIMER0A_Handler                          0x0000033d   Thumb Code     2  startup_tm4c123.o(.text)
    TIMER0B_Handler                          0x0000033f   Thumb Code     2  startup_tm4c123.o(.text)
    TIMER1A_Handler                          0x00000341   Thumb Code     2  startup_tm4c123.o(.text)
    TIMER1B_Handler                          0x00000343   Thumb Code     2  startup_tm4c123.o(.text)
    TIMER2A_Handler                          0x00000345   Thumb Code     2  startup_tm4c123.o(.text)
    TIMER2B_Handler                          0x00000347   Thumb Code     2  startup_tm4c123.o(.text)
    COMP0_Handler                            0x00000349   Thumb Code     2  startup_tm4c123.o(.text)
    COMP1_Handler                            0x0000034b   Thumb Code     2  startup_tm4c123.o(.text)
    COMP2_Handler                            0x0000034d   Thumb Code     2  startup_tm4c123.o(.text)
    SYSCTL_Handler                           0x0000034f   Thumb Code     2  startup_tm4c123.o(.text)
    FLASH_Handler                            0x00000351   Thumb Code     2  startup_tm4c123.o(.text)
    GPIOF_Handler                            0x00000353   Thumb Code     2  startup_tm4c123.o(.text)
    GPIOG_Handler                            0x00000355   Thumb Code     2  startup_tm4c123.o(.text)
    GPIOH_Handler                            0x00000357   Thumb Code     2  startup_tm4c123.o(.text)
    UART2_Handler                            0x00000359   Thumb Code     2  startup_tm4c123.o(.text)
    SSI1_Handler                             0x0000035b   Thumb Code     2  startup_tm4c123.o(.text)
    TIMER3A_Handler                          0x0000035d   Thumb Code     2  startup_tm4c123.o(.text)
    TIMER3B_Handler                          0x0000035f   Thumb Code     2  startup_tm4c123.o(.text)
    I2C1_Handler                             0x00000361   Thumb Code     2  startup_tm4c123.o(.text)
    QEI1_Handler                             0x00000363   Thumb Code     2  startup_tm4c123.o(.text)
    CAN0_Handler                             0x00000365   Thumb Code     2  startup_tm4c123.o(.text)
    CAN1_Handler                             0x00000367   Thumb Code     2  startup_tm4c123.o(.text)
    CAN2_Handler                             0x00000369   Thumb Code     2  startup_tm4c123.o(.text)
    HIB_Handler                              0x0000036b   Thumb Code     2  startup_tm4c123.o(.text)
    USB0_Handler                             0x0000036d   Thumb Code     2  startup_tm4c123.o(.text)
    PWM0_3_Handler                           0x0000036f   Thumb Code     2  startup_tm4c123.o(.text)
    UDMA_Handler                             0x00000371   Thumb Code     2  startup_tm4c123.o(.text)
    UDMAERR_Handler                          0x00000373   Thumb Code     2  startup_tm4c123.o(.text)
    ADC1SS0_Handler                          0x00000375   Thumb Code     2  startup_tm4c123.o(.text)
    ADC1SS1_Handler                          0x00000377   Thumb Code     2  startup_tm4c123.o(.text)
    ADC1SS2_Handler                          0x00000379   Thumb Code     2  startup_tm4c123.o(.text)
    ADC1SS3_Handler                          0x0000037b   Thumb Code     2  startup_tm4c123.o(.text)
    GPIOJ_Handler                            0x0000037d   Thumb Code     2  startup_tm4c123.o(.text)
    GPIOK_Handler                            0x0000037f   Thumb Code     2  startup_tm4c123.o(.text)
    GPIOL_Handler                            0x00000381   Thumb Code     2  startup_tm4c123.o(.text)
    SSI2_Handler                             0x00000383   Thumb Code     2  startup_tm4c123.o(.text)
    SSI3_Handler                             0x00000385   Thumb Code     2  startup_tm4c123.o(.text)
    UART3_Handler                            0x00000387   Thumb Code     2  startup_tm4c123.o(.text)
    UART4_Handler                            0x00000389   Thumb Code     2  startup_tm4c123.o(.text)
    UART5_Handler                            0x0000038b   Thumb Code     2  startup_tm4c123.o(.text)
    UART6_Handler                            0x0000038d   Thumb Code     2  startup_tm4c123.o(.text)
    UART7_Handler                            0x0000038f   Thumb Code     2  startup_tm4c123.o(.text)
    I2C2_Handler                             0x00000391   Thumb Code     2  startup_tm4c123.o(.text)
    I2C3_Handler                             0x00000393   Thumb Code     2  startup_tm4c123.o(.text)
    TIMER4A_Handler                          0x00000395   Thumb Code     2  startup_tm4c123.o(.text)
    TIMER4B_Handler                          0x00000397   Thumb Code     2  startup_tm4c123.o(.text)
    TIMER5A_Handler                          0x00000399   Thumb Code     2  startup_tm4c123.o(.text)
    TIMER5B_Handler                          0x0000039b   Thumb Code     2  startup_tm4c123.o(.text)
    WTIMER0A_Handler                         0x0000039d   Thumb Code     2  startup_tm4c123.o(.text)
    WTIMER0B_Handler                         0x0000039f   Thumb Code     2  startup_tm4c123.o(.text)
    WTIMER1A_Handler                         0x000003a1   Thumb Code     2  startup_tm4c123.o(.text)
    WTIMER1B_Handler                         0x000003a3   Thumb Code     2  startup_tm4c123.o(.text)
    WTIMER2A_Handler                         0x000003a5   Thumb Code     2  startup_tm4c123.o(.text)
    WTIMER2B_Handler                         0x000003a7   Thumb Code     2  startup_tm4c123.o(.text)
    WTIMER3A_Handler                         0x000003a9   Thumb Code     2  startup_tm4c123.o(.text)
    WTIMER3B_Handler                         0x000003ab   Thumb Code     2  startup_tm4c123.o(.text)
    WTIMER4A_Handler                         0x000003ad   Thumb Code     2  startup_tm4c123.o(.text)
    WTIMER4B_Handler                         0x000003af   Thumb Code     2  startup_tm4c123.o(.text)
    WTIMER5A_Handler                         0x000003b1   Thumb Code     2  startup_tm4c123.o(.text)
    WTIMER5B_Handler                         0x000003b3   Thumb Code     2  startup_tm4c123.o(.text)
    FPU_Handler                              0x000003b5   Thumb Code     2  startup_tm4c123.o(.text)
    I2C4_Handler                             0x000003b7   Thumb Code     2  startup_tm4c123.o(.text)
    I2C5_Handler                             0x000003b9   Thumb Code     2  startup_tm4c123.o(.text)
    GPIOM_Handler                            0x000003bb   Thumb Code     2  startup_tm4c123.o(.text)
    GPION_Handler                            0x000003bd   Thumb Code     2  startup_tm4c123.o(.text)
    QEI2_Handler                             0x000003bf   Thumb Code     2  startup_tm4c123.o(.text)
    GPIOP0_Handler                           0x000003c1   Thumb Code     2  startup_tm4c123.o(.text)
    GPIOP1_Handler                           0x000003c3   Thumb Code     2  startup_tm4c123.o(.text)
    GPIOP2_Handler                           0x000003c5   Thumb Code     2  startup_tm4c123.o(.text)
    GPIOP3_Handler                           0x000003c7   Thumb Code     2  startup_tm4c123.o(.text)
    GPIOP4_Handler                           0x000003c9   Thumb Code     2  startup_tm4c123.o(.text)
    GPIOP5_Handler                           0x000003cb   Thumb Code     2  startup_tm4c123.o(.text)
    GPIOP6_Handler                           0x000003cd   Thumb Code     2  startup_tm4c123.o(.text)
    GPIOP7_Handler                           0x000003cf   Thumb Code     2  startup_tm4c123.o(.text)
    GPIOQ0_Handler                           0x000003d1   Thumb Code     2  startup_tm4c123.o(.text)
    GPIOQ1_Handler                           0x000003d3   Thumb Code     2  startup_tm4c123.o(.text)
    GPIOQ2_Handler                           0x000003d5   Thumb Code     2  startup_tm4c123.o(.text)
    GPIOQ3_Handler                           0x000003d7   Thumb Code     2  startup_tm4c123.o(.text)
    GPIOQ4_Handler                           0x000003d9   Thumb Code     2  startup_tm4c123.o(.text)
    GPIOQ5_Handler                           0x000003db   Thumb Code     2  startup_tm4c123.o(.text)
    GPIOQ6_Handler                           0x000003dd   Thumb Code     2  startup_tm4c123.o(.text)
    GPIOQ7_Handler                           0x000003df   Thumb Code     2  startup_tm4c123.o(.text)
    GPIOR_Handler                            0x000003e1   Thumb Code     2  startup_tm4c123.o(.text)
    GPIOS_Handler                            0x000003e3   Thumb Code     2  startup_tm4c123.o(.text)
    PMW1_0_Handler                           0x000003e5   Thumb Code     2  startup_tm4c123.o(.text)
    PWM1_1_Handler                           0x000003e7   Thumb Code     2  startup_tm4c123.o(.text)
    PWM1_2_Handler                           0x000003e9   Thumb Code     2  startup_tm4c123.o(.text)
    PWM1_3_Handler                           0x000003eb   Thumb Code     2  startup_tm4c123.o(.text)
    PWM1_FAULT_Handler                       0x000003ed   Thumb Code     2  startup_tm4c123.o(.text)
    __user_initial_stackheap                 0x000003f1   Thumb Code     0  startup_tm4c123.o(.text)
    printf                                   0x00000411   Thumb Code    20  printf.o(.text)
    __aeabi_memcpy4                          0x00000429   Thumb Code     0  rt_memcpy_w.o(.text)
    __aeabi_memcpy8                          0x00000429   Thumb Code     0  rt_memcpy_w.o(.text)
    __rt_memcpy_w                            0x00000429   Thumb Code   100  rt_memcpy_w.o(.text)
    _memcpy_lastbytes_aligned                0x00000471   Thumb Code     0  rt_memcpy_w.o(.text)
    __use_two_region_memory                  0x0000048d   Thumb Code     2  heapauxi.o(.text)
    __rt_heap_escrow                         0x0000048f   Thumb Code     2  heapauxi.o(.text)
    __rt_heap_expand                         0x00000491   Thumb Code     2  heapauxi.o(.text)
    __read_errno                             0x00000493   Thumb Code    10  _rserrno.o(.text)
    __set_errno                              0x0000049d   Thumb Code    12  _rserrno.o(.text)
    _printf_pre_padding                      0x000004a9   Thumb Code    44  _printf_pad.o(.text)
    _printf_post_padding                     0x000004d5   Thumb Code    34  _printf_pad.o(.text)
    _printf_truncate_signed                  0x000004f7   Thumb Code    18  _printf_truncate.o(.text)
    _printf_truncate_unsigned                0x00000509   Thumb Code    18  _printf_truncate.o(.text)
    _printf_str                              0x0000051b   Thumb Code    82  _printf_str.o(.text)
    _printf_int_dec                          0x0000056d   Thumb Code   104  _printf_dec.o(.text)
    _printf_charcount                        0x000005e5   Thumb Code    40  _printf_charcount.o(.text)
    _printf_char_file                        0x0000060d   Thumb Code    32  _printf_char_file.o(.text)
    _printf_wctomb                           0x00000631   Thumb Code   182  _printf_wctomb.o(.text)
    _printf_longlong_dec                     0x000006ed   Thumb Code   108  _printf_longlong_dec.o(.text)
    _printf_longlong_oct                     0x00000769   Thumb Code    68  _printf_oct_int_ll.o(.text)
    _printf_int_oct                          0x000007ad   Thumb Code    24  _printf_oct_int_ll.o(.text)
    _printf_ll_oct                           0x000007c5   Thumb Code    12  _printf_oct_int_ll.o(.text)
    _printf_longlong_hex                     0x000007d9   Thumb Code    86  _printf_hex_int_ll_ptr.o(.text)
    _printf_int_hex                          0x0000082f   Thumb Code    28  _printf_hex_int_ll_ptr.o(.text)
    _printf_ll_hex                           0x0000084b   Thumb Code    12  _printf_hex_int_ll_ptr.o(.text)
    _printf_hex_ptr                          0x00000857   Thumb Code    18  _printf_hex_int_ll_ptr.o(.text)
    __printf                                 0x0000086d   Thumb Code   388  __printf_flags_ss_wp.o(.text)
    __aeabi_errno_addr                       0x000009f5   Thumb Code     8  rt_errno_addr.o(.text)
    __errno                                  0x000009f5   Thumb Code     0  rt_errno_addr.o(.text)
    __rt_errno_addr                          0x000009f5   Thumb Code     0  rt_errno_addr.o(.text)
    _ll_udiv10                               0x000009fd   Thumb Code   138  lludiv10.o(.text)
    _printf_int_common                       0x00000a87   Thumb Code   178  _printf_intcommon.o(.text)
    _printf_fp_dec_real                      0x00000ce9   Thumb Code   620  _printf_fp_dec.o(.text)
    _printf_fp_hex_real                      0x00000f55   Thumb Code   756  _printf_fp_hex.o(.text)
    _printf_char_common                      0x0000125b   Thumb Code    32  _printf_char_common.o(.text)
    _printf_cs_common                        0x00001281   Thumb Code    20  _printf_char.o(.text)
    _printf_char                             0x00001295   Thumb Code    16  _printf_char.o(.text)
    _printf_string                           0x000012a5   Thumb Code     8  _printf_char.o(.text)
    _printf_lcs_common                       0x000012ad   Thumb Code    20  _printf_wchar.o(.text)
    _printf_wchar                            0x000012c1   Thumb Code    16  _printf_wchar.o(.text)
    _printf_wstring                          0x000012d1   Thumb Code     8  _printf_wchar.o(.text)
    ferror                                   0x000012d9   Thumb Code     8  ferror.o(.text)
    _initio                                  0x000012e1   Thumb Code   210  initio.o(.text)
    _terminateio                             0x000013b3   Thumb Code    56  initio.o(.text)
    _c16rtomb                                0x00001419   Thumb Code    72  _c16rtomb.o(.text)
    _wcrtomb                                 0x00001419   Thumb Code     0  _c16rtomb.o(.text)
    __rt_ctype_table                         0x00001461   Thumb Code    16  rt_ctype_table.o(.text)
    __rt_locale                              0x00001471   Thumb Code     8  rt_locale.o(.text)
    free                                     0x00001479   Thumb Code    78  h1_free.o(.text)
    _printf_fp_infnan                        0x000014c9   Thumb Code   112  _printf_fp_infnan.o(.text)
    _btod_etento                             0x00001549   Thumb Code   224  bigflt0.o(.text)
    __flsbuf                                 0x0000162d   Thumb Code   482  flsbuf.o(.text)
    __flsbuf_byte                            0x0000162d   Thumb Code     0  flsbuf.o(.text)
    __flsbuf_wide                            0x0000162d   Thumb Code     0  flsbuf.o(.text)
    setvbuf                                  0x0000180f   Thumb Code    70  setvbuf.o(.text)
    freopen                                  0x00001855   Thumb Code   160  fopen.o(.text)
    fopen                                    0x000018f5   Thumb Code    74  fopen.o(.text)
    _fclose_internal                         0x00001945   Thumb Code    76  fclose.o(.text)
    fclose                                   0x00001945   Thumb Code     0  fclose.o(.text)
    __rt_SIGRTRED                            0x00001991   Thumb Code    14  defsig_rtred_outer.o(.text)
    __aeabi_memclr4                          0x0000199f   Thumb Code     0  rt_memclr_w.o(.text)
    __aeabi_memclr8                          0x0000199f   Thumb Code     0  rt_memclr_w.o(.text)
    __rt_memclr_w                            0x0000199f   Thumb Code     0  rt_memclr_w.o(.text)
    _memset_w                                0x000019a3   Thumb Code    74  rt_memclr_w.o(.text)
    _sys_open                                0x000019ed   Thumb Code    20  sys_io.o(.text)
    _sys_close                               0x00001a01   Thumb Code    12  sys_io.o(.text)
    _sys_write                               0x00001a0d   Thumb Code    16  sys_io.o(.text)
    _sys_read                                0x00001a1d   Thumb Code    14  sys_io.o(.text)
    _sys_istty                               0x00001a2b   Thumb Code    12  sys_io.o(.text)
    _sys_seek                                0x00001a37   Thumb Code    14  sys_io.o(.text)
    _sys_ensure                              0x00001a45   Thumb Code     2  sys_io.o(.text)
    _sys_flen                                0x00001a47   Thumb Code    12  sys_io.o(.text)
    __rt_heap_descriptor                     0x00001a55   Thumb Code     8  rt_heap_descriptor.o(.text)
    __use_no_heap                            0x00001a5d   Thumb Code     2  hguard.o(.text)
    __heap$guard                             0x00001a5f   Thumb Code     2  hguard.o(.text)
    _terminate_user_alloc                    0x00001a61   Thumb Code     2  init_alloc.o(.text)
    _init_user_alloc                         0x00001a63   Thumb Code     2  init_alloc.o(.text)
    __Heap_Full                              0x00001a65   Thumb Code    34  init_alloc.o(.text)
    __Heap_Broken                            0x00001a87   Thumb Code     6  init_alloc.o(.text)
    _init_alloc                              0x00001a8d   Thumb Code    94  init_alloc.o(.text)
    malloc                                   0x00001aeb   Thumb Code    94  h1_alloc.o(.text)
    _fseek                                   0x00001b49   Thumb Code   242  fseek.o(.text)
    fseek                                    0x00001b49   Thumb Code     0  fseek.o(.text)
    _seterr                                  0x00001c41   Thumb Code    20  stdio.o(.text)
    _writebuf                                0x00001c55   Thumb Code    84  stdio.o(.text)
    _fflush                                  0x00001ca9   Thumb Code    70  stdio.o(.text)
    _deferredlazyseek                        0x00001cef   Thumb Code    60  stdio.o(.text)
    __sig_exit                               0x00001d31   Thumb Code    10  defsig_exit.o(.text)
    __rt_SIGRTRED_inner                      0x00001d3d   Thumb Code    14  defsig_rtred_inner.o(.text)
    strcmp                                   0x00001d71   Thumb Code   124  strcmpv7em.o(.text)
    _sys_exit                                0x00001ded   Thumb Code     8  sys_exit.o(.text)
    __I$use$semihosting                      0x00001df9   Thumb Code     0  use_no_semi.o(.text)
    __use_no_semihosting_swi                 0x00001df9   Thumb Code     2  use_no_semi.o(.text)
    __Heap_Initialize                        0x00001dfb   Thumb Code    10  h1_init.o(.text)
    __semihosting_library_function           0x00001dfb   Thumb Code     0  indicate_semi.o(.text)
    _maybe_terminate_alloc                   0x00001dfb   Thumb Code     0  maybetermalloc1.o(.text)
    __Heap_DescSize                          0x00001e05   Thumb Code     4  h1_init.o(.text)
    __Heap_ProvideMemory                     0x00001e09   Thumb Code    52  h1_extend.o(.text)
    _ftell_internal                          0x00001e3d   Thumb Code    66  ftell.o(.text)
    ftell                                    0x00001e3d   Thumb Code     0  ftell.o(.text)
    __default_signal_display                 0x00001e7f   Thumb Code    50  defsig_general.o(.text)
    __rt_SIGRTMEM                            0x00001eb1   Thumb Code    14  defsig_rtmem_outer.o(.text)
    strlen                                   0x00001ebf   Thumb Code    62  strlen.o(.text)
    _ttywrch                                 0x00001efd   Thumb Code    14  sys_wrch.o(.text)
    __rt_SIGRTMEM_inner                      0x00001f0d   Thumb Code    22  defsig_rtmem_inner.o(.text)
    SystemInit                               0x000027d9   Thumb Code    18  system_tm4c123.o(.text.SystemInit)
    __main                                   0x000027f1   Thumb Code    96  source.o(.text.__main)
    _btod_d2e                                0x00002851   Thumb Code    62  btod.o(CL$$btod_d2e)
    _d2e_denorm_low                          0x0000288f   Thumb Code    70  btod.o(CL$$btod_d2e_denorm_low)
    _d2e_norm_op1                            0x000028d5   Thumb Code    96  btod.o(CL$$btod_d2e_norm_op1)
    __btod_div_common                        0x00002935   Thumb Code   696  btod.o(CL$$btod_div_common)
    _e2e                                     0x00002c6d   Thumb Code   220  btod.o(CL$$btod_e2e)
    _btod_ediv                               0x00002d49   Thumb Code    42  btod.o(CL$$btod_ediv)
    _btod_emul                               0x00002d73   Thumb Code    42  btod.o(CL$$btod_emul)
    __btod_mult_common                       0x00002d9d   Thumb Code   580  btod.o(CL$$btod_mult_common)
    __ARM_fpclassify                         0x00002fe1   Thumb Code    48  fpclassify.o(i.__ARM_fpclassify)
    __hardfp_exp                             0x00003011   Thumb Code   714  exp.o(i.__hardfp_exp)
    __kernel_poly                            0x00003369   Thumb Code   248  poly.o(i.__kernel_poly)
    __mathlib_dbl_infnan                     0x00003461   Thumb Code    20  dunder.o(i.__mathlib_dbl_infnan)
    __mathlib_dbl_overflow                   0x00003479   Thumb Code    24  dunder.o(i.__mathlib_dbl_overflow)
    __mathlib_dbl_underflow                  0x00003499   Thumb Code    24  dunder.o(i.__mathlib_dbl_underflow)
    _is_digit                                0x000034b9   Thumb Code    14  __printf_wp.o(i._is_digit)
    fputc                                    0x000034c7   Thumb Code    28  fputc.o(i.fputc)
    _get_lc_numeric                          0x000034e5   Thumb Code    44  lc_numeric_c.o(locale$$code)
    _get_lc_ctype                            0x00003511   Thumb Code    44  lc_ctype_c.o(locale$$code)
    __aeabi_d2f                              0x0000353d   Thumb Code     0  d2f.o(x$fpl$d2f)
    _d2f                                     0x0000353d   Thumb Code    98  d2f.o(x$fpl$d2f)
    __aeabi_dadd                             0x000035a1   Thumb Code     0  daddsub_clz.o(x$fpl$dadd)
    _dadd                                    0x000035a1   Thumb Code   332  daddsub_clz.o(x$fpl$dadd)
    __fpl_dcmp_Inf                           0x000036f1   Thumb Code    24  dcmpi.o(x$fpl$dcmpinf)
    __aeabi_ddiv                             0x00003709   Thumb Code     0  ddiv.o(x$fpl$ddiv)
    _ddiv                                    0x00003709   Thumb Code   556  ddiv.o(x$fpl$ddiv)
    __aeabi_cdcmpeq                          0x000039bd   Thumb Code     0  deqf.o(x$fpl$deqf)
    _dcmpeq                                  0x000039bd   Thumb Code   120  deqf.o(x$fpl$deqf)
    __aeabi_d2iz                             0x00003a35   Thumb Code     0  dfix.o(x$fpl$dfix)
    _dfix                                    0x00003a35   Thumb Code    94  dfix.o(x$fpl$dfix)
    __aeabi_i2d                              0x00003a93   Thumb Code     0  dflt_clz.o(x$fpl$dflt)
    _dflt                                    0x00003a93   Thumb Code    46  dflt_clz.o(x$fpl$dflt)
    __aeabi_cdcmpge                          0x00003ac1   Thumb Code     0  dgeqf.o(x$fpl$dgeqf)
    _dcmpge                                  0x00003ac1   Thumb Code   120  dgeqf.o(x$fpl$dgeqf)
    __aeabi_cdcmple                          0x00003b39   Thumb Code     0  dleqf.o(x$fpl$dleqf)
    _dcmple                                  0x00003b39   Thumb Code   120  dleqf.o(x$fpl$dleqf)
    __fpl_dcmple_InfNaN                      0x00003b9b   Thumb Code     0  dleqf.o(x$fpl$dleqf)
    __aeabi_dmul                             0x00003bb1   Thumb Code     0  dmul.o(x$fpl$dmul)
    _dmul                                    0x00003bb1   Thumb Code   332  dmul.o(x$fpl$dmul)
    __fpl_dnaninf                            0x00003d05   Thumb Code   156  dnaninf.o(x$fpl$dnaninf)
    __fpl_dretinf                            0x00003da1   Thumb Code    12  dretinf.o(x$fpl$dretinf)
    __aeabi_cdrcmple                         0x00003dad   Thumb Code     0  drleqf.o(x$fpl$drleqf)
    _drcmple                                 0x00003dad   Thumb Code   108  drleqf.o(x$fpl$drleqf)
    __aeabi_drsub                            0x00003e19   Thumb Code     0  daddsub_clz.o(x$fpl$drsb)
    _drsb                                    0x00003e19   Thumb Code    22  daddsub_clz.o(x$fpl$drsb)
    __aeabi_dsub                             0x00003e31   Thumb Code     0  daddsub_clz.o(x$fpl$dsub)
    _dsub                                    0x00003e31   Thumb Code   472  daddsub_clz.o(x$fpl$dsub)
    __aeabi_f2d                              0x0000400d   Thumb Code     0  f2d.o(x$fpl$f2d)
    _f2d                                     0x0000400d   Thumb Code    86  f2d.o(x$fpl$f2d)
    __aeabi_dcmpeq                           0x00004063   Thumb Code     0  dcmp.o(x$fpl$fcmp)
    _deq                                     0x00004063   Thumb Code    14  dcmp.o(x$fpl$fcmp)
    _dneq                                    0x00004071   Thumb Code    14  dcmp.o(x$fpl$fcmp)
    __aeabi_dcmpgt                           0x0000407f   Thumb Code     0  dcmp.o(x$fpl$fcmp)
    _dgr                                     0x0000407f   Thumb Code    14  dcmp.o(x$fpl$fcmp)
    __aeabi_dcmpge                           0x0000408d   Thumb Code     0  dcmp.o(x$fpl$fcmp)
    _dgeq                                    0x0000408d   Thumb Code    14  dcmp.o(x$fpl$fcmp)
    __aeabi_dcmple                           0x0000409b   Thumb Code     0  dcmp.o(x$fpl$fcmp)
    _dleq                                    0x0000409b   Thumb Code    14  dcmp.o(x$fpl$fcmp)
    __aeabi_dcmplt                           0x000040a9   Thumb Code     0  dcmp.o(x$fpl$fcmp)
    _dls                                     0x000040a9   Thumb Code    14  dcmp.o(x$fpl$fcmp)
    __fpl_fnaninf                            0x000040b7   Thumb Code   140  fnaninf.o(x$fpl$fnaninf)
    __fpl_fretinf                            0x00004143   Thumb Code    10  fretinf.o(x$fpl$fretinf)
    _printf_fp_dec                           0x0000414d   Thumb Code     4  printf1.o(x$fpl$printf1)
    _printf_fp_hex                           0x00004151   Thumb Code     4  printf2.o(x$fpl$printf2)
    __I$use$fp                               0x00004154   Number         0  usenofp.o(x$fpl$usenofp)
    __stdin_name                             0x00004217   Data           4  sys_io_names.o(.constdata)
    __stdout_name                            0x0000421b   Data           4  sys_io_names.o(.constdata)
    __stderr_name                            0x0000421f   Data           4  sys_io_names.o(.constdata)
    __ctype                                  0x00007911   Data           0  lc_ctype_c.o(locale$$data)
    __aeabi_stdin                            0x20000000   Data           4  stdio_streams.o(.data)
    __aeabi_stdout                           0x20000004   Data           4  stdio_streams.o(.data)
    __aeabi_stderr                           0x20000008   Data           4  stdio_streams.o(.data)
    __stdin                                  0x20000010   Data          84  stdio_streams.o(.bss)
    __stdout                                 0x20000064   Data          84  stdio_streams.o(.bss)
    __stderr                                 0x200000b8   Data          84  stdio_streams.o(.bss)



==============================================================================

Memory Map of the image

  Image Entry point : 0x000002fd

  Load Region LR_1 (Base: 0x00000000, Size: 0x00007a20, Max: 0xffffffff, ABSOLUTE)

    Execution Region ER_RO (Exec base: 0x00000000, Load base: 0x00000000, Size: 0x00007a14, Max: 0xffffffff, ABSOLUTE)

    Exec Addr    Load Addr    Size         Type   Attr      Idx    E Section Name        Object

    0x00000000   0x00000000   0x0000026c   Data   RO           63    RESET               startup_tm4c123.o
    0x0000026c   0x0000026c   0x00000000   Code   RO          196    .ARM.Collect$$_printf_percent$$00000000  c_w.l(_printf_percent.o)
    0x0000026c   0x0000026c   0x00000006   Code   RO          185    .ARM.Collect$$_printf_percent$$00000001  c_w.l(_printf_n.o)
    0x00000272   0x00000272   0x00000006   Code   RO          187    .ARM.Collect$$_printf_percent$$00000002  c_w.l(_printf_p.o)
    0x00000278   0x00000278   0x00000006   Code   RO          192    .ARM.Collect$$_printf_percent$$00000003  c_w.l(_printf_f.o)
    0x0000027e   0x0000027e   0x00000006   Code   RO          193    .ARM.Collect$$_printf_percent$$00000004  c_w.l(_printf_e.o)
    0x00000284   0x00000284   0x00000006   Code   RO          194    .ARM.Collect$$_printf_percent$$00000005  c_w.l(_printf_g.o)
    0x0000028a   0x0000028a   0x00000006   Code   RO          195    .ARM.Collect$$_printf_percent$$00000006  c_w.l(_printf_a.o)
    0x00000290   0x00000290   0x0000000a   Code   RO          200    .ARM.Collect$$_printf_percent$$00000007  c_w.l(_printf_ll.o)
    0x0000029a   0x0000029a   0x00000006   Code   RO          189    .ARM.Collect$$_printf_percent$$00000008  c_w.l(_printf_i.o)
    0x000002a0   0x000002a0   0x00000006   Code   RO          190    .ARM.Collect$$_printf_percent$$00000009  c_w.l(_printf_d.o)
    0x000002a6   0x000002a6   0x00000006   Code   RO          191    .ARM.Collect$$_printf_percent$$0000000A  c_w.l(_printf_u.o)
    0x000002ac   0x000002ac   0x00000006   Code   RO          188    .ARM.Collect$$_printf_percent$$0000000B  c_w.l(_printf_o.o)
    0x000002b2   0x000002b2   0x00000006   Code   RO          186    .ARM.Collect$$_printf_percent$$0000000C  c_w.l(_printf_x.o)
    0x000002b8   0x000002b8   0x00000006   Code   RO          197    .ARM.Collect$$_printf_percent$$0000000D  c_w.l(_printf_lli.o)
    0x000002be   0x000002be   0x00000006   Code   RO          198    .ARM.Collect$$_printf_percent$$0000000E  c_w.l(_printf_lld.o)
    0x000002c4   0x000002c4   0x00000006   Code   RO          199    .ARM.Collect$$_printf_percent$$0000000F  c_w.l(_printf_llu.o)
    0x000002ca   0x000002ca   0x00000006   Code   RO          204    .ARM.Collect$$_printf_percent$$00000010  c_w.l(_printf_llo.o)
    0x000002d0   0x000002d0   0x00000006   Code   RO          205    .ARM.Collect$$_printf_percent$$00000011  c_w.l(_printf_llx.o)
    0x000002d6   0x000002d6   0x0000000a   Code   RO          201    .ARM.Collect$$_printf_percent$$00000012  c_w.l(_printf_l.o)
    0x000002e0   0x000002e0   0x00000006   Code   RO          183    .ARM.Collect$$_printf_percent$$00000013  c_w.l(_printf_c.o)
    0x000002e6   0x000002e6   0x00000006   Code   RO          184    .ARM.Collect$$_printf_percent$$00000014  c_w.l(_printf_s.o)
    0x000002ec   0x000002ec   0x00000006   Code   RO          202    .ARM.Collect$$_printf_percent$$00000015  c_w.l(_printf_lc.o)
    0x000002f2   0x000002f2   0x00000006   Code   RO          203    .ARM.Collect$$_printf_percent$$00000016  c_w.l(_printf_ls.o)
    0x000002f8   0x000002f8   0x00000004   Code   RO          289    .ARM.Collect$$_printf_percent$$00000017  c_w.l(_printf_percent_end.o)
    0x000002fc   0x000002fc   0x00000000   Code   RO          440    .ARM.Collect$$libinit$$0000000C  c_w.l(libinit2.o)
    0x000002fc   0x000002fc   0x00000000   Code   RO          449    .ARM.Collect$$libinit$$00000015  c_w.l(libinit2.o)
    0x000002fc   0x000002fc   0x00000000   Code   RO          453    .ARM.Collect$$libinit$$00000019  c_w.l(libinit2.o)
    0x000002fc   0x000002fc   0x00000000   Code   RO          467    .ARM.Collect$$libinit$$00000027  c_w.l(libinit2.o)
    0x000002fc   0x000002fc   0x00000000   Code   RO          482    .ARM.Collect$$libshutdown$$00000004  c_w.l(libshutdown2.o)
    0x000002fc   0x000002fc   0x00000114   Code   RO           64  * .text               startup_tm4c123.o
    0x00000410   0x00000410   0x00000018   Code   RO           86    .text               c_w.l(printf.o)
    0x00000428   0x00000428   0x00000064   Code   RO           88    .text               c_w.l(rt_memcpy_w.o)
    0x0000048c   0x0000048c   0x00000006   Code   RO           90    .text               c_w.l(heapauxi.o)
    0x00000492   0x00000492   0x00000016   Code   RO          115    .text               c_w.l(_rserrno.o)
    0x000004a8   0x000004a8   0x0000004e   Code   RO          119    .text               c_w.l(_printf_pad.o)
    0x000004f6   0x000004f6   0x00000024   Code   RO          121    .text               c_w.l(_printf_truncate.o)
    0x0000051a   0x0000051a   0x00000052   Code   RO          123    .text               c_w.l(_printf_str.o)
    0x0000056c   0x0000056c   0x00000078   Code   RO          125    .text               c_w.l(_printf_dec.o)
    0x000005e4   0x000005e4   0x00000028   Code   RO          127    .text               c_w.l(_printf_charcount.o)
    0x0000060c   0x0000060c   0x00000024   Code   RO          129    .text               c_w.l(_printf_char_file.o)
    0x00000630   0x00000630   0x000000bc   Code   RO          131    .text               c_w.l(_printf_wctomb.o)
    0x000006ec   0x000006ec   0x0000007c   Code   RO          134    .text               c_w.l(_printf_longlong_dec.o)
    0x00000768   0x00000768   0x00000070   Code   RO          140    .text               c_w.l(_printf_oct_int_ll.o)
    0x000007d8   0x000007d8   0x00000094   Code   RO          160    .text               c_w.l(_printf_hex_int_ll_ptr.o)
    0x0000086c   0x0000086c   0x00000188   Code   RO          180    .text               c_w.l(__printf_flags_ss_wp.o)
    0x000009f4   0x000009f4   0x00000008   Code   RO          267    .text               c_w.l(rt_errno_addr.o)
    0x000009fc   0x000009fc   0x0000008a   Code   RO          272    .text               c_w.l(lludiv10.o)
    0x00000a86   0x00000a86   0x000000b2   Code   RO          274    .text               c_w.l(_printf_intcommon.o)
    0x00000b38   0x00000b38   0x0000041c   Code   RO          276    .text               c_w.l(_printf_fp_dec.o)
    0x00000f54   0x00000f54   0x000002fc   Code   RO          280    .text               c_w.l(_printf_fp_hex.o)
    0x00001250   0x00001250   0x00000030   Code   RO          283    .text               c_w.l(_printf_char_common.o)
    0x00001280   0x00001280   0x0000002c   Code   RO          285    .text               c_w.l(_printf_char.o)
    0x000012ac   0x000012ac   0x0000002c   Code   RO          287    .text               c_w.l(_printf_wchar.o)
    0x000012d8   0x000012d8   0x00000008   Code   RO          290    .text               c_w.l(ferror.o)
    0x000012e0   0x000012e0   0x00000138   Code   RO          296    .text               c_w.l(initio.o)
    0x00001418   0x00001418   0x00000048   Code   RO          304    .text               c_w.l(_c16rtomb.o)
    0x00001460   0x00001460   0x00000010   Code   RO          316    .text               c_w.l(rt_ctype_table.o)
    0x00001470   0x00001470   0x00000008   Code   RO          318    .text               c_w.l(rt_locale.o)
    0x00001478   0x00001478   0x0000004e   Code   RO          325    .text               c_w.l(h1_free.o)
    0x000014c6   0x000014c6   0x00000002   PAD
    0x000014c8   0x000014c8   0x00000080   Code   RO          379    .text               c_w.l(_printf_fp_infnan.o)
    0x00001548   0x00001548   0x000000e4   Code   RO          383    .text               c_w.l(bigflt0.o)
    0x0000162c   0x0000162c   0x000001e2   Code   RO          410    .text               c_w.l(flsbuf.o)
    0x0000180e   0x0000180e   0x00000046   Code   RO          412    .text               c_w.l(setvbuf.o)
    0x00001854   0x00001854   0x000000f0   Code   RO          415    .text               c_w.l(fopen.o)
    0x00001944   0x00001944   0x0000004c   Code   RO          417    .text               c_w.l(fclose.o)
    0x00001990   0x00001990   0x0000000e   Code   RO          426    .text               c_w.l(defsig_rtred_outer.o)
    0x0000199e   0x0000199e   0x0000004e   Code   RO          430    .text               c_w.l(rt_memclr_w.o)
    0x000019ec   0x000019ec   0x00000066   Code   RO          499    .text               c_w.l(sys_io.o)
    0x00001a52   0x00001a52   0x00000002   PAD
    0x00001a54   0x00001a54   0x00000008   Code   RO          505    .text               c_w.l(rt_heap_descriptor.o)
    0x00001a5c   0x00001a5c   0x00000004   Code   RO          510    .text               c_w.l(hguard.o)
    0x00001a60   0x00001a60   0x0000008a   Code   RO          512    .text               c_w.l(init_alloc.o)
    0x00001aea   0x00001aea   0x0000005e   Code   RO          518    .text               c_w.l(h1_alloc.o)
    0x00001b48   0x00001b48   0x000000f8   Code   RO          534    .text               c_w.l(fseek.o)
    0x00001c40   0x00001c40   0x000000f0   Code   RO          536    .text               c_w.l(stdio.o)
    0x00001d30   0x00001d30   0x0000000a   Code   RO          545    .text               c_w.l(defsig_exit.o)
    0x00001d3a   0x00001d3a   0x00000002   PAD
    0x00001d3c   0x00001d3c   0x00000034   Code   RO          547    .text               c_w.l(defsig_rtred_inner.o)
    0x00001d70   0x00001d70   0x0000007c   Code   RO          551    .text               c_w.l(strcmpv7em.o)
    0x00001dec   0x00001dec   0x0000000c   Code   RO          557    .text               c_w.l(sys_exit.o)
    0x00001df8   0x00001df8   0x00000002   Code   RO          561    .text               c_w.l(use_no_semi.o)
    0x00001dfa   0x00001dfa   0x00000000   Code   RO          563    .text               c_w.l(indicate_semi.o)
    0x00001dfa   0x00001dfa   0x00000000   Code   RO          564    .text               c_w.l(maybetermalloc1.o)
    0x00001dfa   0x00001dfa   0x0000000e   Code   RO          566    .text               c_w.l(h1_init.o)
    0x00001e08   0x00001e08   0x00000034   Code   RO          568    .text               c_w.l(h1_extend.o)
    0x00001e3c   0x00001e3c   0x00000042   Code   RO          580    .text               c_w.l(ftell.o)
    0x00001e7e   0x00001e7e   0x00000032   Code   RO          588    .text               c_w.l(defsig_general.o)
    0x00001eb0   0x00001eb0   0x0000000e   Code   RO          590    .text               c_w.l(defsig_rtmem_outer.o)
    0x00001ebe   0x00001ebe   0x0000003e   Code   RO          594    .text               c_w.l(strlen.o)
    0x00001efc   0x00001efc   0x0000000e   Code   RO          607    .text               c_w.l(sys_wrch.o)
    0x00001f0a   0x00001f0a   0x00000002   PAD
    0x00001f0c   0x00001f0c   0x00000050   Code   RO          619    .text               c_w.l(defsig_rtmem_inner.o)
    0x00001f5c   0x00001f5c   0x0000008e   Code   RO           10    .text.AddBais       source.o
    0x00001fea   0x00001fea   0x00000002   PAD
    0x00001fec   0x00001fec   0x00000088   Code   RO            8    .text.Conv2DLayer_KernelSize5  source.o
    0x00002074   0x00002074   0x00000052   Code   RO           14    .text.FullyConnectedLayer  source.o
    0x000020c6   0x000020c6   0x00000002   PAD
    0x000020c8   0x000020c8   0x00000072   Code   RO           24    .text.Get_Maximum   source.o
    0x0000213a   0x0000213a   0x00000002   PAD
    0x0000213c   0x0000213c   0x0000026e   Code   RO            6    .text.Initialize_ModelParameters  source.o
    0x000023aa   0x000023aa   0x00000002   PAD
    0x000023ac   0x000023ac   0x000000b2   Code   RO           12    .text.MaxPoolLayer  source.o
    0x0000245e   0x0000245e   0x00000002   PAD
    0x00002460   0x00002460   0x000001ce   Code   RO            4    .text.Model_Inference  source.o
    0x0000262e   0x0000262e   0x00000002   PAD
    0x00002630   0x00002630   0x00000074   Code   RO           20    .text.Perform_Mat5Conv2D  source.o
    0x000026a4   0x000026a4   0x0000005c   Code   RO           22    .text.Populate_MatMaxPool5X2  source.o
    0x00002700   0x00002700   0x00000074   Code   RO           18    .text.Populate_PixelMat5  source.o
    0x00002774   0x00002774   0x00000004   PAD
    0x00002778   0x00002778   0x00000060   Code   RO           16    .text.Sigmoid       source.o
    0x000027d8   0x000027d8   0x00000012   Code   RO           75    .text.SystemInit    system_tm4c123.o
    0x000027ea   0x000027ea   0x00000006   PAD
    0x000027f0   0x000027f0   0x00000060   Code   RO            2    .text.__main        source.o
    0x00002850   0x00002850   0x0000003e   Code   RO          386    CL$$btod_d2e        c_w.l(btod.o)
    0x0000288e   0x0000288e   0x00000046   Code   RO          388    CL$$btod_d2e_denorm_low  c_w.l(btod.o)
    0x000028d4   0x000028d4   0x00000060   Code   RO          387    CL$$btod_d2e_norm_op1  c_w.l(btod.o)
    0x00002934   0x00002934   0x00000338   Code   RO          396    CL$$btod_div_common  c_w.l(btod.o)
    0x00002c6c   0x00002c6c   0x000000dc   Code   RO          393    CL$$btod_e2e        c_w.l(btod.o)
    0x00002d48   0x00002d48   0x0000002a   Code   RO          390    CL$$btod_ediv       c_w.l(btod.o)
    0x00002d72   0x00002d72   0x0000002a   Code   RO          389    CL$$btod_emul       c_w.l(btod.o)
    0x00002d9c   0x00002d9c   0x00000244   Code   RO          395    CL$$btod_mult_common  c_w.l(btod.o)
    0x00002fe0   0x00002fe0   0x00000030   Code   RO          263    i.__ARM_fpclassify  m_wm.l(fpclassify.o)
    0x00003010   0x00003010   0x00000358   Code   RO          108    i.__hardfp_exp      m_wm.l(exp.o)
    0x00003368   0x00003368   0x000000f8   Code   RO          265    i.__kernel_poly     m_wm.l(poly.o)
    0x00003460   0x00003460   0x00000014   Code   RO          250    i.__mathlib_dbl_infnan  m_wm.l(dunder.o)
    0x00003474   0x00003474   0x00000004   PAD
    0x00003478   0x00003478   0x00000020   Code   RO          253    i.__mathlib_dbl_overflow  m_wm.l(dunder.o)
    0x00003498   0x00003498   0x00000020   Code   RO          255    i.__mathlib_dbl_underflow  m_wm.l(dunder.o)
    0x000034b8   0x000034b8   0x0000000e   Code   RO          173    i._is_digit         c_w.l(__printf_wp.o)
    0x000034c6   0x000034c6   0x0000001c   Code   RO          293    i.fputc             c_w.l(fputc.o)
    0x000034e2   0x000034e2   0x00000002   PAD
    0x000034e4   0x000034e4   0x0000002c   Code   RO          424    locale$$code        c_w.l(lc_numeric_c.o)
    0x00003510   0x00003510   0x0000002c   Code   RO          543    locale$$code        c_w.l(lc_ctype_c.o)
    0x0000353c   0x0000353c   0x00000062   Code   RO           92    x$fpl$d2f           fz_wm.l(d2f.o)
    0x0000359e   0x0000359e   0x00000002   PAD
    0x000035a0   0x000035a0   0x00000150   Code   RO           94    x$fpl$dadd          fz_wm.l(daddsub_clz.o)
    0x000036f0   0x000036f0   0x00000018   Code   RO          306    x$fpl$dcmpinf       fz_wm.l(dcmpi.o)
    0x00003708   0x00003708   0x000002b4   Code   RO          103    x$fpl$ddiv          fz_wm.l(ddiv.o)
    0x000039bc   0x000039bc   0x00000078   Code   RO          212    x$fpl$deqf          fz_wm.l(deqf.o)
    0x00003a34   0x00003a34   0x0000005e   Code   RO          214    x$fpl$dfix          fz_wm.l(dfix.o)
    0x00003a92   0x00003a92   0x0000002e   Code   RO          219    x$fpl$dflt          fz_wm.l(dflt_clz.o)
    0x00003ac0   0x00003ac0   0x00000078   Code   RO          224    x$fpl$dgeqf         fz_wm.l(dgeqf.o)
    0x00003b38   0x00003b38   0x00000078   Code   RO          226    x$fpl$dleqf         fz_wm.l(dleqf.o)
    0x00003bb0   0x00003bb0   0x00000154   Code   RO          228    x$fpl$dmul          fz_wm.l(dmul.o)
    0x00003d04   0x00003d04   0x0000009c   Code   RO          230    x$fpl$dnaninf       fz_wm.l(dnaninf.o)
    0x00003da0   0x00003da0   0x0000000c   Code   RO          232    x$fpl$dretinf       fz_wm.l(dretinf.o)
    0x00003dac   0x00003dac   0x0000006c   Code   RO          234    x$fpl$drleqf        fz_wm.l(drleqf.o)
    0x00003e18   0x00003e18   0x00000016   Code   RO           95    x$fpl$drsb          fz_wm.l(daddsub_clz.o)
    0x00003e2e   0x00003e2e   0x00000002   PAD
    0x00003e30   0x00003e30   0x000001dc   Code   RO           96    x$fpl$dsub          fz_wm.l(daddsub_clz.o)
    0x0000400c   0x0000400c   0x00000056   Code   RO          106    x$fpl$f2d           fz_wm.l(f2d.o)
    0x00004062   0x00004062   0x00000054   Code   RO          100    x$fpl$fcmp          fz_wm.l(dcmp.o)
    0x000040b6   0x000040b6   0x0000008c   Code   RO          236    x$fpl$fnaninf       fz_wm.l(fnaninf.o)
    0x00004142   0x00004142   0x0000000a   Code   RO          238    x$fpl$fretinf       fz_wm.l(fretinf.o)
    0x0000414c   0x0000414c   0x00000004   Code   RO          240    x$fpl$printf1       fz_wm.l(printf1.o)
    0x00004150   0x00004150   0x00000004   Code   RO          242    x$fpl$printf2       fz_wm.l(printf2.o)
    0x00004154   0x00004154   0x00000000   Code   RO          248    x$fpl$usenofp       fz_wm.l(usenofp.o)
    0x00004154   0x00004154   0x00000004   PAD
    0x00004158   0x00004158   0x00000058   Data   RO          111    .constdata          m_wm.l(exp.o)
    0x000041b0   0x000041b0   0x00000008   Data   RO          132    .constdata          c_w.l(_printf_wctomb.o)
    0x000041b8   0x000041b8   0x00000028   Data   RO          161    .constdata          c_w.l(_printf_hex_int_ll_ptr.o)
    0x000041e0   0x000041e0   0x00000011   Data   RO          181    .constdata          c_w.l(__printf_flags_ss_wp.o)
    0x000041f1   0x000041f1   0x00000026   Data   RO          281    .constdata          c_w.l(_printf_fp_hex.o)
    0x00004217   0x00004217   0x00000004   Data   RO          308    .constdata          c_w.l(sys_io_names.o)
    0x0000421b   0x0000421b   0x00000004   Data   RO          309    .constdata          c_w.l(sys_io_names.o)
    0x0000421f   0x0000421f   0x00000004   Data   RO          310    .constdata          c_w.l(sys_io_names.o)
    0x00004223   0x00004223   0x00000001   PAD
    0x00004224   0x00004224   0x00000094   Data   RO          384    .constdata          c_w.l(bigflt0.o)
    0x000042b8   0x000042b8   0x00000064   Data   RO           29    .rodata..L__const.Initialize_ModelParameters.Kernel_L1_data  source.o
    0x0000431c   0x0000431c   0x00000064   Data   RO           30    .rodata..L__const.Initialize_ModelParameters.Kernel_L2_data  source.o
    0x00004380   0x00004380   0x00000064   Data   RO           31    .rodata..L__const.Initialize_ModelParameters.Kernel_L3_data  source.o
    0x000043e4   0x000043e4   0x00000064   Data   RO           32    .rodata..L__const.Initialize_ModelParameters.Kernel_L4_data  source.o
    0x00004448   0x00004448   0x00000064   Data   RO           33    .rodata..L__const.Initialize_ModelParameters.Kernel_L5_data  source.o
    0x000044ac   0x000044ac   0x000001e0   Data   RO           34    .rodata..L__const.Initialize_ModelParameters.Weights_L7_data  source.o
    0x0000468c   0x0000468c   0x00003230   Data   RO           28    .rodata..L__const.Initialize_ModelParameters.audio_sample_data  source.o
    0x000078bc   0x000078bc   0x0000002b   Data   RO           27    .rodata.str1.1      source.o
    0x000078e7   0x000078e7   0x00000001   PAD
    0x000078e8   0x000078e8   0x0000001c   Data   RO          423    locale$$data        c_w.l(lc_numeric_c.o)
    0x00007904   0x00007904   0x00000110   Data   RO          542    locale$$data        c_w.l(lc_ctype_c.o)


    Execution Region ER_RW (Exec base: 0x20000000, Load base: 0x00007a14, Size: 0x0000000c, Max: 0xffffffff, ABSOLUTE)

    Exec Addr    Load Addr    Size         Type   Attr      Idx    E Section Name        Object

    0x20000000   0x00007a14   0x00000004   Data   RW          209    .data               c_w.l(stdio_streams.o)
    0x20000004   0x00007a18   0x00000004   Data   RW          210    .data               c_w.l(stdio_streams.o)
    0x20000008   0x00007a1c   0x00000004   Data   RW          211    .data               c_w.l(stdio_streams.o)


    Execution Region ER_ZI (Exec base: 0x20000010, Load base: 0x00007a20, Size: 0x0002acc0, Max: 0xffffffff, ABSOLUTE)

    Exec Addr    Load Addr    Size         Type   Attr      Idx    E Section Name        Object

    0x20000010        -       0x00000054   Zero   RW          206    .bss                c_w.l(stdio_streams.o)
    0x20000064        -       0x00000054   Zero   RW          207    .bss                c_w.l(stdio_streams.o)
    0x200000b8        -       0x00000054   Zero   RW          208    .bss                c_w.l(stdio_streams.o)
    0x2000010c        -       0x00000004   Zero   RW          268    .bss                c_w.l(rt_errno_addr.o)
    0x20000110        -       0x00000014   Zero   RW          319    .bss                c_w.l(rt_locale.o)
    0x20000124        -       0x00000004   Zero   RW          506    .bss                c_w.l(rt_heap_descriptor.o)
    0x20000128        -       0x00000004   Zero   RW           42    .bss.Bais_L1        source.o
    0x2000012c        -       0x00000004   Zero   RW           43    .bss.Bais_L2        source.o
    0x20000130        -       0x00000004   Zero   RW           44    .bss.Bais_L3        source.o
    0x20000134        -       0x00000004   Zero   RW           45    .bss.Bais_L4        source.o
    0x20000138        -       0x00000004   Zero   RW           46    .bss.Bais_L5        source.o
    0x2000013c        -       0x00000004   Zero   RW           47    .bss.Bais_L7        source.o
    0x20000140        -       0x00000004   Zero   RW           48    .bss.Bais_L8        source.o
    0x20000144        -       0x00000064   Zero   RW           35    .bss.Kernel_L1      source.o
    0x200001a8        -       0x00000064   Zero   RW           36    .bss.Kernel_L2      source.o
    0x2000020c        -       0x00000064   Zero   RW           37    .bss.Kernel_L3      source.o
    0x20000270        -       0x00000064   Zero   RW           38    .bss.Kernel_L4      source.o
    0x200002d4        -       0x00000064   Zero   RW           39    .bss.Kernel_L5      source.o
    0x20000338        -       0x00000004   Zero   RW           41    .bss.Weight_L8      source.o
    0x2000033c        -       0x000001e0   Zero   RW           40    .bss.Weights_L7     source.o
    0x2000051c        -       0x0000ac80   Zero   RW           49    .bss.audio_out_layer1  source.o
    0x2000b19c        -       0x00009240   Zero   RW           50    .bss.audio_out_layer2  source.o
    0x200143dc        -       0x00007a00   Zero   RW           51    .bss.audio_out_layer3  source.o
    0x2001bddc        -       0x000063c0   Zero   RW           52    .bss.audio_out_layer4  source.o
    0x2002219c        -       0x00004f80   Zero   RW           53    .bss.audio_out_layer5  source.o
    0x2002711c        -       0x00000780   Zero   RW           54    .bss.audio_out_layer6  source.o
    0x2002789c        -       0x00003230   Zero   RW           26    .bss.audio_sample   source.o
    0x2002aacc   0x00007a20   0x00000004   PAD
    0x2002aad0        -       0x00000000   Zero   RW           62    HEAP                startup_tm4c123.o
    0x2002aad0        -       0x00000200   Zero   RW           61    STACK               startup_tm4c123.o


==============================================================================

Image component sizes


      Code (inc. data)   RO Data    RW Data    ZI Data      Debug   Object Name

      2252         16      13871          0     174500       5407   source.o
       276         24        620          0        512       5480   startup_tm4c123.o
        18          0          0          0          0       6048   system_tm4c123.o

    ----------------------------------------------------------------------
      2568         40      14492          0     175016      16935   Object Totals
         0          0          0          0          0          0   (incl. Generated)
        22          0          1          0          4          0   (incl. Padding)

    ----------------------------------------------------------------------

      Code (inc. data)   RO Data    RW Data    ZI Data      Debug   Library Member Name

       392          4         17          0          0         92   __printf_flags_ss_wp.o
        14          0          0          0          0         68   __printf_wp.o
        72          0          0          0          0         96   _c16rtomb.o
         6          0          0          0          0          0   _printf_a.o
         6          0          0          0          0          0   _printf_c.o
        44          0          0          0          0        108   _printf_char.o
        48          6          0          0          0         96   _printf_char_common.o
        36          4          0          0          0         80   _printf_char_file.o
        40          0          0          0          0         68   _printf_charcount.o
         6          0          0          0          0          0   _printf_d.o
       120         16          0          0          0         92   _printf_dec.o
         6          0          0          0          0          0   _printf_e.o
         6          0          0          0          0          0   _printf_f.o
      1052          0          0          0          0        148   _printf_fp_dec.o
       764          8         38          0          0        100   _printf_fp_hex.o
       128         16          0          0          0         84   _printf_fp_infnan.o
         6          0          0          0          0          0   _printf_g.o
       148          4         40          0          0        160   _printf_hex_int_ll_ptr.o
         6          0          0          0          0          0   _printf_i.o
       178          0          0          0          0         88   _printf_intcommon.o
        10          0          0          0          0          0   _printf_l.o
         6          0          0          0          0          0   _printf_lc.o
        10          0          0          0          0          0   _printf_ll.o
         6          0          0          0          0          0   _printf_lld.o
         6          0          0          0          0          0   _printf_lli.o
         6          0          0          0          0          0   _printf_llo.o
         6          0          0          0          0          0   _printf_llu.o
         6          0          0          0          0          0   _printf_llx.o
       124         16          0          0          0         92   _printf_longlong_dec.o
         6          0          0          0          0          0   _printf_ls.o
         6          0          0          0          0          0   _printf_n.o
         6          0          0          0          0          0   _printf_o.o
       112          8          0          0          0        124   _printf_oct_int_ll.o
         6          0          0          0          0          0   _printf_p.o
        78          0          0          0          0        108   _printf_pad.o
         0          0          0          0          0          0   _printf_percent.o
         4          0          0          0          0          0   _printf_percent_end.o
         6          0          0          0          0          0   _printf_s.o
        82          0          0          0          0         80   _printf_str.o
        36          0          0          0          0         84   _printf_truncate.o
         6          0          0          0          0          0   _printf_u.o
        44          0          0          0          0        108   _printf_wchar.o
       188          6          8          0          0         92   _printf_wctomb.o
         6          0          0          0          0          0   _printf_x.o
        22          0          0          0          0        100   _rserrno.o
       228          4        148          0          0         96   bigflt0.o
      1936        128          0          0          0        668   btod.o
        10          0          0          0          0         68   defsig_exit.o
        50          0          0          0          0         88   defsig_general.o
        80         58          0          0          0         76   defsig_rtmem_inner.o
        14          0          0          0          0         80   defsig_rtmem_outer.o
        52         38          0          0          0         76   defsig_rtred_inner.o
        14          0          0          0          0         80   defsig_rtred_outer.o
        76          0          0          0          0         88   fclose.o
         8          0          0          0          0         68   ferror.o
       482          0          0          0          0         92   flsbuf.o
       240          6          0          0          0        128   fopen.o
        28          0          0          0          0         68   fputc.o
       248          6          0          0          0         84   fseek.o
        66          0          0          0          0         76   ftell.o
        94          0          0          0          0         80   h1_alloc.o
        52          0          0          0          0         68   h1_extend.o
        78          0          0          0          0         80   h1_free.o
        14          0          0          0          0         84   h1_init.o
         6          0          0          0          0        152   heapauxi.o
         4          0          0          0          0        136   hguard.o
         0          0          0          0          0          0   indicate_semi.o
       138          0          0          0          0        168   init_alloc.o
       312         46          0          0          0        112   initio.o
        44         10        272          0          0         76   lc_ctype_c.o
        44         10         28          0          0         76   lc_numeric_c.o
         0          0          0          0          0          0   libinit2.o
         0          0          0          0          0          0   libshutdown2.o
       138          0          0          0          0         80   lludiv10.o
         0          0          0          0          0          0   maybetermalloc1.o
        24          4          0          0          0         84   printf.o
        16          4          0          0          0         76   rt_ctype_table.o
         8          4          0          0          4         68   rt_errno_addr.o
         8          4          0          0          4         68   rt_heap_descriptor.o
         8          4          0          0         20         68   rt_locale.o
        78          0          0          0          0         80   rt_memclr_w.o
       100          0          0          0          0         80   rt_memcpy_w.o
        70          0          0          0          0         80   setvbuf.o
       240          6          0          0          0        156   stdio.o
         0          0          0         12        252          0   stdio_streams.o
       124          0          0          0          0         88   strcmpv7em.o
        62          0          0          0          0         76   strlen.o
        12          4          0          0          0         68   sys_exit.o
       102          0          0          0          0        240   sys_io.o
         0          0         12          0          0          0   sys_io_names.o
        14          0          0          0          0         76   sys_wrch.o
         2          0          0          0          0         68   use_no_semi.o
        98          4          0          0          0        140   d2f.o
       834         16          0          0          0        516   daddsub_clz.o
        84          0          0          0          0        244   dcmp.o
        24          0          0          0          0        116   dcmpi.o
       692        140          0          0          0        264   ddiv.o
       120          4          0          0          0        140   deqf.o
        94          4          0          0          0        140   dfix.o
        46          0          0          0          0        116   dflt_clz.o
       120          4          0          0          0        140   dgeqf.o
       120          4          0          0          0        140   dleqf.o
       340         12          0          0          0        152   dmul.o
       156          4          0          0          0        140   dnaninf.o
        12          0          0          0          0        116   dretinf.o
       108          0          0          0          0        128   drleqf.o
        86          4          0          0          0        132   f2d.o
       140          4          0          0          0        132   fnaninf.o
        10          0          0          0          0        116   fretinf.o
         4          0          0          0          0        116   printf1.o
         4          0          0          0          0        116   printf2.o
         0          0          0          0          0          0   usenofp.o
        84         16          0          0          0        372   dunder.o
       856        142         88          0          0        288   exp.o
        48          0          0          0          0        124   fpclassify.o
       248          0          0          0          0        152   poly.o

    ----------------------------------------------------------------------
     13540        782        652         12        280      10432   Library Totals
        22          0          1          0          0          0   (incl. Padding)

    ----------------------------------------------------------------------

      Code (inc. data)   RO Data    RW Data    ZI Data      Debug   Library Name

      9190        424        563         12        280       6392   c_w.l
      3092        200          0          0          0       3104   fz_wm.l
      1236        158         88          0          0        936   m_wm.l

    ----------------------------------------------------------------------
     13540        782        652         12        280      10432   Library Totals

    ----------------------------------------------------------------------

==============================================================================


      Code (inc. data)   RO Data    RW Data    ZI Data      Debug   

     16108        822      15144         12     175296      21211   Grand Totals
     16108        822      15144         12     175296      21211   ELF Image Totals
     16108        822      15144         12          0          0   ROM Totals

==============================================================================

    Total RO  Size (Code + RO Data)                31252 (  30.52kB)
    Total RW  Size (RW Data + ZI Data)            175308 ( 171.20kB)
    Total ROM Size (Code + RO Data + RW Data)      31264 (  30.53kB)

==============================================================================

