Component: Arm Compiler for Embedded 6.18 Tool: armlink [5e4cc100]

==============================================================================

Section Cross References

    source.o(.text.__main) refers to source.o(.text.Initialize_ModelParameters) for Initialize_ModelParameters
    source.o(.text.__main) refers to source.o(.bss.audio_sample) for audio_sample
    source.o(.text.__main) refers to source.o(.text.Model_Inference) for Model_Inference
    source.o(.text.__main) refers to f2d.o(x$fpl$f2d) for __aeabi_f2d
    source.o(.text.__main) refers to dcmp.o(x$fpl$fcmp) for __aeabi_dcmple
    source.o(.text.__main) refers to source.o(.rodata.str1.1) for .L.str
    source.o(.text.__main) refers to printf.o(.text) for printf
    source.o(.ARM.exidx.text.__main) refers to source.o(.text.__main) for [Anonymous Symbol]
    source.o(.text.Model_Inference) refers to source.o(.bss.Kernel_L1) for Kernel_L1
    source.o(.text.Model_Inference) refers to source.o(.bss.audio_out_layer1) for audio_out_layer1
    source.o(.text.Model_Inference) refers to source.o(.text.Conv2DLayer_KernelSize5) for Conv2DLayer_KernelSize5
    source.o(.text.Model_Inference) refers to source.o(.bss.Bais_L1) for Bais_L1
    source.o(.text.Model_Inference) refers to source.o(.text.AddBais) for AddBais
    source.o(.text.Model_Inference) refers to source.o(.bss.Kernel_L2) for Kernel_L2
    source.o(.text.Model_Inference) refers to source.o(.bss.audio_out_layer2) for audio_out_layer2
    source.o(.text.Model_Inference) refers to source.o(.bss.Bais_L2) for Bais_L2
    source.o(.text.Model_Inference) refers to source.o(.bss.Kernel_L3) for Kernel_L3
    source.o(.text.Model_Inference) refers to source.o(.bss.audio_out_layer3) for audio_out_layer3
    source.o(.text.Model_Inference) refers to source.o(.bss.Bais_L3) for Bais_L3
    source.o(.text.Model_Inference) refers to source.o(.bss.Kernel_L4) for Kernel_L4
    source.o(.text.Model_Inference) refers to source.o(.bss.audio_out_layer4) for audio_out_layer4
    source.o(.text.Model_Inference) refers to source.o(.bss.Bais_L4) for Bais_L4
    source.o(.text.Model_Inference) refers to source.o(.bss.Kernel_L5) for Kernel_L5
    source.o(.text.Model_Inference) refers to source.o(.bss.audio_out_layer5) for audio_out_layer5
    source.o(.text.Model_Inference) refers to source.o(.bss.Bais_L5) for Bais_L5
    source.o(.text.Model_Inference) refers to source.o(.bss.audio_out_layer6) for audio_out_layer6
    source.o(.text.Model_Inference) refers to source.o(.text.MaxPoolLayer) for MaxPoolLayer
    source.o(.text.Model_Inference) refers to source.o(.bss.Weights_L7) for Weights_L7
    source.o(.text.Model_Inference) refers to source.o(.text.FullyConnectedLayer) for FullyConnectedLayer
    source.o(.text.Model_Inference) refers to source.o(.bss.Bais_L7) for Bais_L7
    source.o(.text.Model_Inference) refers to faddsub_clz.o(x$fpl$fadd) for __aeabi_fadd
    source.o(.text.Model_Inference) refers to fcmp.o(x$fpl$fcmp) for __aeabi_fcmpge
    source.o(.text.Model_Inference) refers to f2d.o(x$fpl$f2d) for __aeabi_f2d
    source.o(.text.Model_Inference) refers to exp.o(i.exp) for exp
    source.o(.text.Model_Inference) refers to d2f.o(x$fpl$d2f) for __aeabi_d2f
    source.o(.text.Model_Inference) refers to source.o(.bss.Weight_L8) for Weight_L8
    source.o(.text.Model_Inference) refers to source.o(.bss.Bais_L8) for Bais_L8
    source.o(.text.Model_Inference) refers to fmul.o(x$fpl$fmul) for __aeabi_fmul
    source.o(.text.Model_Inference) refers to source.o(.text.Sigmoid) for Sigmoid
    source.o(.ARM.exidx.text.Model_Inference) refers to source.o(.text.Model_Inference) for [Anonymous Symbol]
    source.o(.text.Initialize_ModelParameters) refers to source.o(.rodata..L__const.Initialize_ModelParameters.audio_sample_data) for .L__const.Initialize_ModelParameters.audio_sample_data
    source.o(.text.Initialize_ModelParameters) refers to rt_memcpy_w.o(.text) for __aeabi_memcpy4
    source.o(.text.Initialize_ModelParameters) refers to source.o(.rodata..L__const.Initialize_ModelParameters.Kernel_L1_data) for .L__const.Initialize_ModelParameters.Kernel_L1_data
    source.o(.text.Initialize_ModelParameters) refers to source.o(.rodata..L__const.Initialize_ModelParameters.Kernel_L2_data) for .L__const.Initialize_ModelParameters.Kernel_L2_data
    source.o(.text.Initialize_ModelParameters) refers to source.o(.rodata..L__const.Initialize_ModelParameters.Kernel_L3_data) for .L__const.Initialize_ModelParameters.Kernel_L3_data
    source.o(.text.Initialize_ModelParameters) refers to source.o(.rodata..L__const.Initialize_ModelParameters.Kernel_L4_data) for .L__const.Initialize_ModelParameters.Kernel_L4_data
    source.o(.text.Initialize_ModelParameters) refers to source.o(.rodata..L__const.Initialize_ModelParameters.Kernel_L5_data) for .L__const.Initialize_ModelParameters.Kernel_L5_data
[...]
    [Anonymous Symbol]                       0x00002700   Section        0  system_tm4c129.o(.text.SystemInit)
    [Anonymous Symbol]                       0x00002714   Section        0  source.o(.text.__main)
    CL$$btod_d2e                             0x00002762   Section       62  btod.o(CL$$btod_d2e)
    CL$$btod_d2e_denorm_low                  0x000027a0   Section       70  btod.o(CL$$btod_d2e_denorm_low)
    CL$$btod_d2e_norm_op1                    0x000027e6   Section       96  btod.o(CL$$btod_d2e_norm_op1)
    CL$$btod_div_common                      0x00002848   Section      824  btod.o(CL$$btod_div_common)
    CL$$btod_e2e                             0x00002b80   Section      220  btod.o(CL$$btod_e2e)
    CL$$btod_ediv                            0x00002c5c   Section       42  btod.o(CL$$btod_ediv)
    CL$$btod_emul                            0x00002c86   Section       42  btod.o(CL$$btod_emul)
    CL$$btod_mult_common                     0x00002cb0   Section      580  btod.o(CL$$btod_mult_common)
    i.__ARM_fpclassify                       0x00002ef4   Section        0  fpclassify.o(i.__ARM_fpclassify)
    i.__kernel_poly                          0x00002f1c   Section        0  poly.o(i.__kernel_poly)
    i.__mathlib_dbl_infnan                   0x00002fc6   Section        0  dunder.o(i.__mathlib_dbl_infnan)
    i.__mathlib_dbl_overflow                 0x00002fcc   Section        0  dunder.o(i.__mathlib_dbl_overflow)
    i.__mathlib_dbl_underflow                0x00002fdc   Section        0  dunder.o(i.__mathlib_dbl_underflow)
    i._is_digit                              0x00002fec   Section        0  __printf_wp.o(i._is_digit)
    i.exp                                    0x00002ffc   Section        0  exp.o(i.exp)
    i.fputc                                  0x00003280   Section        0  fputc.o(i.fputc)
    locale$$code                             0x0000329c   Section       44  lc_numeric_c.o(locale$$code)
    locale$$code                             0x000032c8   Section       44  lc_ctype_c.o(locale$$code)
    x$fpl$d2f                                0x000032f4   Section       98  d2f.o(x$fpl$d2f)
    x$fpl$dadd                               0x00003358   Section      336  daddsub_clz.o(x$fpl$dadd)
    _dadd1                                   0x00003369   Thumb Code     0  daddsub_clz.o(x$fpl$dadd)
    x$fpl$dcheck1                            0x000034a8   Section       16  dcheck1.o(x$fpl$dcheck1)
    x$fpl$dcmpinf                            0x000034b8   Section       24  dcmpi.o(x$fpl$dcmpinf)
    x$fpl$ddiv                               0x000034d0   Section      692  ddiv.o(x$fpl$ddiv)
    ddiv_entry                               0x000034d7   Thumb Code     0  ddiv.o(x$fpl$ddiv)
    x$fpl$deqf                               0x00003784   Section      120  deqf.o(x$fpl$deqf)
    x$fpl$dfix                               0x000037fc   Section       94  dfix.o(x$fpl$dfix)
    x$fpl$dflt                               0x0000385a   Section       46  dflt_clz.o(x$fpl$dflt)
    x$fpl$dgeqf                              0x00003888   Section      120  dgeqf.o(x$fpl$dgeqf)
    x$fpl$dleqf                              0x00003900   Section      120  dleqf.o(x$fpl$dleqf)
    x$fpl$dmul                               0x00003978   Section      340  dmul.o(x$fpl$dmul)
    x$fpl$dnaninf                            0x00003acc   Section      156  dnaninf.o(x$fpl$dnaninf)
    x$fpl$dretinf                            0x00003b68   Section       12  dretinf.o(x$fpl$dretinf)
    x$fpl$drleqf                             0x00003b74   Section      108  drleqf.o(x$fpl$drleqf)
    x$fpl$drsb                               0x00003be0   Section       22  daddsub_clz.o(x$fpl$drsb)
    x$fpl$dsub                               0x00003bf8   Section      476  daddsub_clz.o(x$fpl$dsub)
    _dsub1                                   0x00003c09   Thumb Code     0  daddsub_clz.o(x$fpl$dsub)
    x$fpl$f2d                                0x00003dd4   Section       86  f2d.o(x$fpl$f2d)
    x$fpl$fadd                               0x00003e2c   Section      196  faddsub_clz.o(x$fpl$fadd)
    _fadd1                                   0x00003e3b   Thumb Code     0  faddsub_clz.o(x$fpl$fadd)
    x$fpl$fcmp                               0x00003ef0   Section       84  dcmp.o(x$fpl$fcmp)
    x$fpl$fcmp                               0x00003f44   Section       84  fcmp.o(x$fpl$fcmp)
    x$fpl$fcmpinf                            0x00003f98   Section       24  fcmpi.o(x$fpl$fcmpinf)
    x$fpl$feqf                               0x00003fb0   Section      104  feqf.o(x$fpl$feqf)
    x$fpl$fgeqf                              0x00004018   Section      104  fgeqf.o(x$fpl$fgeqf)
    x$fpl$fleqf                              0x00004080   Section      104  fleqf.o(x$fpl$fleqf)
    x$fpl$fmul                               0x000040e8   Section      258  fmul.o(x$fpl$fmul)
    x$fpl$fnaninf                            0x000041ea   Section      140  fnaninf.o(x$fpl$fnaninf)
    x$fpl$fretinf                            0x00004276   Section       10  fretinf.o(x$fpl$fretinf)
    x$fpl$fsub                               0x00004280   Section      234  faddsub_clz.o(x$fpl$fsub)
    _fsub1                                   0x0000428f   Thumb Code     0  faddsub_clz.o(x$fpl$fsub)
    x$fpl$printf1                            0x0000436a   Section        4  printf1.o(x$fpl$printf1)
    x$fpl$printf2                            0x0000436e   Section        4  printf2.o(x$fpl$printf2)
    x$fpl$retnan                             0x00004372   Section      100  retnan.o(x$fpl$retnan)
    x$fpl$scalbn                             0x000043d6   Section       92  scalbn.o(x$fpl$scalbn)
    x$fpl$trapveneer                         0x00004432   Section       48  trapv.o(x$fpl$trapveneer)
    x$fpl$usenofp                            0x00004462   Section        0  usenofp.o(x$fpl$usenofp)
    halF                                     0x00004468   Data          16  exp.o(.constdata)
    .constdata                               0x00004468   Section       88  exp.o(.constdata)
    ln2HI                                    0x00004478   Data          16  exp.o(.constdata)
    ln2LO                                    0x00004488   Data          16  exp.o(.constdata)
    P                                        0x00004498   Data          40  exp.o(.constdata)
    initial_mbstate                          0x000044c0   Data           8  _printf_wctomb.o(.constdata)
    .constdata                               0x000044c0   Section        8  _printf_wctomb.o(.constdata)
    uc_hextab                                0x000044c8   Data          20  _printf_hex_int_ll_ptr.o(.constdata)
    .constdata                               0x000044c8   Section       40  _printf_hex_int_ll_ptr.o(.constdata)
    lc_hextab                                0x000044dc   Data          20  _printf_hex_int_ll_ptr.o(.constdata)
    maptable                                 0x000044f0   Data          17  __printf_flags_ss_wp.o(.constdata)
    .constdata                               0x000044f0   Section       17  __printf_flags_ss_wp.o(.constdata)
    lc_hextab                                0x00004501   Data          19  _printf_fp_hex.o(.constdata)
    .constdata                               0x00004501   Section       38  _printf_fp_hex.o(.constdata)
    uc_hextab                                0x00004514   Data          19  _printf_fp_hex.o(.constdata)
    .constdata                               0x00004527   Section        4  sys_io_names.o(.constdata)
    .constdata                               0x0000452b   Section        4  sys_io_names.o(.constdata)
    .constdata                               0x0000452f   Section        4  sys_io_names.o(.constdata)
    tenpwrs_x                                0x00004534   Data          60  bigflt0.o(.constdata)
    .constdata                               0x00004534   Section      148  bigflt0.o(.constdata)
    tenpwrs_i                                0x00004570   Data          64  bigflt0.o(.constdata)
    .L__const.Initialize_ModelParameters.Kernel_L1_data 0x000045c8   Data         100  source.o(.rodata..L__const.Initialize_ModelParameters.Kernel_L1_data)
    .L__const.Initialize_ModelParameters.Kernel_L2_data 0x0000462c   Data         100  source.o(.rodata..L__const.Initialize_ModelParameters.Kernel_L2_data)
    .L__const.Initialize_ModelParameters.Kernel_L3_data 0x00004690   Data         100  source.o(.rodata..L__const.Initialize_ModelParameters.Kernel_L3_data)
    .L__const.Initialize_ModelParameters.Kernel_L4_data 0x000046f4   Data         100  source.o(.rodata..L__const.Initialize_ModelParameters.Kernel_L4_data)
    .L__const.Initialize_ModelParameters.Kernel_L5_data 0x00004758   Data         100  source.o(.rodata..L__const.Initialize_ModelParameters.Kernel_L5_data)
    .L__const.Initialize_ModelParameters.Weights_L7_data 0x000047bc   Data         480  source.o(.rodata..L__const.Initialize_ModelParameters.Weights_L7_data)
    .L__const.Initialize_ModelParameters.audio_sample_data 0x0000499c   Data       12848  source.o(.rodata..L__const.Initialize_ModelParameters.audio_sample_data)
    .L.str.1                                 0x00007bcc   Data          21  source.o(.rodata.str1.1)
    [Anonymous Symbol]                       0x00007bcc   Section        0  source.o(.rodata.str1.1)
    .L.str                                   0x00007be1   Data          22  source.o(.rodata.str1.1)
    locale$$data                             0x00007bf8   Section       28  lc_numeric_c.o(locale$$data)
    __lcnum_c_name                           0x00007bfc   Data           2  lc_numeric_c.o(locale$$data)
    __lcnum_c_start                          0x00007c04   Data           0  lc_numeric_c.o(locale$$data)
    __lcnum_c_point                          0x00007c10   Data           0  lc_numeric_c.o(locale$$data)
    __lcnum_c_thousands                      0x00007c12   Data           0  lc_numeric_c.o(locale$$data)
    __lcnum_c_grouping                       0x00007c13   Data           0  lc_numeric_c.o(locale$$data)
    __lcnum_c_end                            0x00007c14   Data           0  lc_numeric_c.o(locale$$data)
    locale$$data                             0x00007c14   Section      272  lc_ctype_c.o(locale$$data)
    __lcctype_c_name                         0x00007c18   Data           2  lc_ctype_c.o(locale$$data)
    __lcctype_c_start                        0x00007c20   Data           0  lc_ctype_c.o(locale$$data)
    __lcctype_c_end                          0x00007d24   Data           0  lc_ctype_c.o(locale$$data)
    .data                                    0x20000000   Section        4  stdio_streams.o(.data)
    .data                                    0x20000004   Section        4  stdio_streams.o(.data)
    .data                                    0x20000008   Section        4  stdio_streams.o(.data)
    .bss                                     0x20000010   Section       84  stdio_streams.o(.bss)
    .bss                                     0x20000064   Section       84  stdio_streams.o(.bss)
    .bss                                     0x200000b8   Section       84  stdio_streams.o(.bss)
    __aeabi_errno_addr_data                  0x2000010c   Data           4  rt_errno_addr.o(.bss)
    .bss                                     0x2000010c   Section        4  rt_errno_addr.o(.bss)
    __rt_locale_data                         0x20000110   Data          20  rt_locale.o(.bss)
    .bss                                     0x20000110   Section       20  rt_locale.o(.bss)
    __rt_heap_descriptor_data                0x20000124   Data           4  rt_heap_descriptor.o(.bss)
    .bss                                     0x20000124   Section        4  rt_heap_descriptor.o(.bss)
    Bais_L1                                  0x20000128   Data           4  source.o(.bss.Bais_L1)
    [Anonymous Symbol]                       0x20000128   Section        0  source.o(.bss.Bais_L1)
    Bais_L2                                  0x2000012c   Data           4  source.o(.bss.Bais_L2)
    [Anonymous Symbol]                       0x2000012c   Section        0  source.o(.bss.Bais_L2)
    Bais_L3                                  0x20000130   Data           4  source.o(.bss.Bais_L3)
    [Anonymous Symbol]                       0x20000130   Section        0  source.o(.bss.Bais_L3)
    Bais_L4                                  0x20000134   Data           4  source.o(.bss.Bais_L4)
    [Anonymous Symbol]                       0x20000134   Section        0  source.o(.bss.Bais_L4)
    Bais_L5                                  0x20000138   Data           4  source.o(.bss.Bais_L5)
    [Anonymous Symbol]                       0x20000138   Section        0  source.o(.bss.Bais_L5)
    Bais_L7                                  0x2000013c   Data           4  source.o(.bss.Bais_L7)
    [Anonymous Symbol]                       0x2000013c   Section        0  source.o(.bss.Bais_L7)
    Bais_L8                                  0x20000140   Data           4  source.o(.bss.Bais_L8)
    [Anonymous Symbol]                       0x20000140   Section        0  source.o(.bss.Bais_L8)
    Kernel_L1                                0x20000144   Data         100  source.o(.bss.Kernel_L1)
    [Anonymous Symbol]                       0x20000144   Section        0  source.o(.bss.Kernel_L1)
    Kernel_L2                                0x200001a8   Data         100  source.o(.bss.Kernel_L2)
    [Anonymous Symbol]                       0x200001a8   Section        0  source.o(.bss.Kernel_L2)
    Kernel_L3                                0x2000020c   Data         100  source.o(.bss.Kernel_L3)
    [Anonymous Symbol]                       0x2000020c   Section        0  source.o(.bss.Kernel_L3)
    Kernel_L4                                0x20000270   Data         100  source.o(.bss.Kernel_L4)
    [Anonymous Symbol]                       0x20000270   Section        0  source.o(.bss.Kernel_L4)
    Kernel_L5                                0x200002d4   Data         100  source.o(.bss.Kernel_L5)
    [Anonymous Symbol]                       0x200002d4   Section        0  source.o(.bss.Kernel_L5)
    Weight_L8                                0x20000338   Data           4  source.o(.bss.Weight_L8)
    [Anonymous Symbol]                       0x20000338   Section        0  source.o(.bss.Weight_L8)
    Weights_L7                               0x2000033c   Data         480  source.o(.bss.Weights_L7)
    [Anonymous Symbol]                       0x2000033c   Section        0  source.o(.bss.Weights_L7)
    audio_out_layer1                         0x2000051c   Data       44160  source.o(.bss.audio_out_layer1)
    [Anonymous Symbol]                       0x2000051c   Section        0  source.o(.bss.audio_out_layer1)
    audio_out_layer2                         0x2000b19c   Data       37440  source.o(.bss.audio_out_layer2)
    [Anonymous Symbol]                       0x2000b19c   Section        0  source.o(.bss.audio_out_layer2)
    audio_out_layer3                         0x200143dc   Data       31232  source.o(.bss.audio_out_layer3)
    [Anonymous Symbol]                       0x200143dc   Section        0  source.o(.bss.audio_out_layer3)
    audio_out_layer4                         0x2001bddc   Data       25536  source.o(.bss.audio_out_layer4)
    [Anonymous Symbol]                       0x2001bddc   Section        0  source.o(.bss.audio_out_layer4)
    audio_out_layer5                         0x2002219c   Data       20352  source.o(.bss.audio_out_layer5)
    [Anonymous Symbol]                       0x2002219c   Section        0  source.o(.bss.audio_out_layer5)
    audio_out_layer6                         0x2002711c   Data        1920  source.o(.bss.audio_out_layer6)
    [Anonymous Symbol]                       0x2002711c   Section        0  source.o(.bss.audio_out_layer6)
    audio_sample                             0x2002789c   Data       12848  source.o(.bss.audio_sample)
    [Anonymous Symbol]                       0x2002789c   Section        0  source.o(.bss.audio_sample)
    Heap_Mem                                 0x2002aad0   Data           0  startup_tm4c129.o(HEAP)
    Stack_Mem                                0x2002aad0   Data         512  startup_tm4c129.o(STACK)
    HEAP                                     0x2002aad0   Section        0  startup_tm4c129.o(HEAP)
    STACK                                    0x2002aad0   Section      512  startup_tm4c129.o(STACK)
    __initial_sp                             0x2002acd0   Data           0  startup_tm4c129.o(STACK)

    Global Symbols

    Symbol Name                              Value     Ov Type        Size  Object(Section)

    BuildAttributes$$THM_ISAv4$E$P$D$K$B$S$7EM$PE$A:L22UL41UL21$X:L11$S22US41US21$IEEE1$IW$~IW$USESV6$~STKCKD$USESV7$~SHL$OTIME$ROPI$IEEEX$EBA8$STANDARDLIB$REQ8$PRES8$EABIv2 0x00000000   Number         0  anon$$obj.o ABSOLUTE
    __Vectors                                0x00000000   Data           4  startup_tm4c129.o(RESET)
    __fp_init_empty                          0x00000000   Number         0  fpinit_empty.o ABSOLUTE
    _printf_flags                            0x00000000   Number         0  printf_stubs.o ABSOLUTE
    _printf_return_value                     0x00000000   Number         0  printf_stubs.o ABSOLUTE
    _printf_sizespec                         0x00000000   Number         0  printf_stubs.o ABSOLUTE
    _printf_widthprec                        0x00000000   Number         0  printf_stubs.o ABSOLUTE
    __ARM_exceptions_init                     - Undefined Weak Reference
    __alloca_initialize                       - Undefined Weak Reference
    __arm_preinit_                            - Undefined Weak Reference
    __arm_relocate_pie_                       - Undefined Weak Reference
    __cpp_initialize__aeabi_                  - Undefined Weak Reference
    __cxa_finalize                            - Undefined Weak Reference
    __sigvec_lookup                           - Undefined Weak Reference
    __user_heap_extent                        - Undefined Weak Reference
    _atexit_init                              - Undefined Weak Reference
    _clock_init                               - Undefined Weak Reference
    _fp_trap_init                             - Undefined Weak Reference
    _fp_trap_shutdown                         - Undefined Weak Reference
    _get_lc_collate                           - Undefined Weak Reference
    _get_lc_monetary                          - Undefined Weak Reference
    _get_lc_time                              - Undefined Weak Reference
    _getenv_init                              - Undefined Weak Reference
    _handle_redirection                       - Undefined Weak Reference
    _mutex_acquire                            - Undefined Weak Reference
    _mutex_free                               - Undefined Weak Reference
    _mutex_release                            - Undefined Weak Reference
    _printf_mbtowc                            - Undefined Weak Reference
    _printf_wc                                - Undefined Weak Reference
    _rand_init                                - Undefined Weak Reference
    _signal_finish                            - Undefined Weak Reference
    _signal_init                              - Undefined Weak Reference
    __Vectors_End                            0x00000200   Data           0  startup_tm4c129.o(RESET)
    __Vectors_Size                           0x00000200   Number         0  startup_tm4c129.o ABSOLUTE
    _printf_n                                0x00000201   Thumb Code     0  _printf_n.o(.ARM.Collect$$_printf_percent$$00000001)
    _printf_percent                          0x00000201   Thumb Code     0  _printf_percent.o(.ARM.Collect$$_printf_percent$$00000000)
    _printf_p                                0x00000207   Thumb Code     0  _printf_p.o(.ARM.Collect$$_printf_percent$$00000002)
    _printf_f                                0x0000020d   Thumb Code     0  _printf_f.o(.ARM.Collect$$_printf_percent$$00000003)
    _printf_e                                0x00000213   Thumb Code     0  _printf_e.o(.ARM.Collect$$_printf_percent$$00000004)
    _printf_g                                0x00000219   Thumb Code     0  _printf_g.o(.ARM.Collect$$_printf_percent$$00000005)
    _printf_a                                0x0000021f   Thumb Code     0  _printf_a.o(.ARM.Collect$$_printf_percent$$00000006)
    _printf_ll                               0x00000225   Thumb Code     0  _printf_ll.o(.ARM.Collect$$_printf_percent$$00000007)
    _printf_i                                0x0000022f   Thumb Code     0  _printf_i.o(.ARM.Collect$$_printf_percent$$00000008)
    _printf_d                                0x00000235   Thumb Code     0  _printf_d.o(.ARM.Collect$$_printf_percent$$00000009)
    _printf_u                                0x0000023b   Thumb Code     0  _printf_u.o(.ARM.Collect$$_printf_percent$$0000000A)
    _printf_o                                0x00000241   Thumb Code     0  _printf_o.o(.ARM.Collect$$_printf_percent$$0000000B)
    _printf_x                                0x00000247   Thumb Code     0  _printf_x.o(.ARM.Collect$$_printf_percent$$0000000C)
    _printf_lli                              0x0000024d   Thumb Code     0  _printf_lli.o(.ARM.Collect$$_printf_percent$$0000000D)
    _printf_lld                              0x00000253   Thumb Code     0  _printf_lld.o(.ARM.Collect$$_printf_percent$$0000000E)
    _printf_llu                              0x00000259   Thumb Code     0  _printf_llu.o(.ARM.Collect$$_printf_percent$$0000000F)
    _printf_llo                              0x0000025f   Thumb Code     0  _printf_llo.o(.ARM.Collect$$_printf_percent$$00000010)
    _printf_llx                              0x00000265   Thumb Code     0  _printf_llx.o(.ARM.Collect$$_printf_percent$$00000011)
    _printf_l                                0x0000026b   Thumb Code     0  _printf_l.o(.ARM.Collect$$_printf_percent$$00000012)
    _printf_c                                0x00000275   Thumb Code     0  _printf_c.o(.ARM.Collect$$_printf_percent$$00000013)
    _printf_s                                0x0000027b   Thumb Code     0  _printf_s.o(.ARM.Collect$$_printf_percent$$00000014)
    _printf_lc                               0x00000281   Thumb Code     0  _printf_lc.o(.ARM.Collect$$_printf_percent$$00000015)
    _printf_ls                               0x00000287   Thumb Code     0  _printf_ls.o(.ARM.Collect$$_printf_percent$$00000016)
    _printf_percent_end                      0x0000028d   Thumb Code     0  _printf_percent_end.o(.ARM.Collect$$_printf_percent$$00000017)
    Reset_Handler                            0x00000291   Thumb Code     8  startup_tm4c129.o(.text)
    __rt_lib_init_heap_2                     0x00000291   Thumb Code     0  libinit2.o(.ARM.Collect$$libinit$$0000000C)
    __rt_lib_init_lc_ctype_2                 0x00000291   Thumb Code     0  libinit2.o(.ARM.Collect$$libinit$$00000015)
    __rt_lib_init_lc_numeric_2               0x00000291   Thumb Code     0  libinit2.o(.ARM.Collect$$libinit$$00000019)
    __rt_lib_init_stdio_2                    0x00000291   Thumb Code     0  libinit2.o(.ARM.Collect$$libinit$$00000027)
    __rt_lib_shutdown_stdio_2                0x00000291   Thumb Code     0  libshutdown2.o(.ARM.Collect$$libshutdown$$00000004)
    NMI_Handler                              0x00000299   Thumb Code     2  startup_tm4c129.o(.text)
    HardFault_Handler                        0x0000029b   Thumb Code     2  startup_tm4c129.o(.text)
    MemManage_Handler                        0x0000029d   Thumb Code     2  startup_tm4c129.o(.text)
    BusFault_Handler                         0x0000029f   Thumb Code     2  startup_tm4c129.o(.text)
    UsageFault_Handler                       0x000002a1   Thumb Code     2  startup_tm4c129.o(.text)
    SVC_Handler                              0x000002a3   Thumb Code     2  startup_tm4c129.o(.text)
    DebugMon_Handler                         0x000002a5   Thumb Code     2  startup_tm4c129.o(.text)
    PendSV_Handler                           0x000002a7   Thumb Code     2  startup_tm4c129.o(.text)
    SysTick_Handler                          0x000002a9   Thumb Code     2  startup_tm4c129.o(.text)
    GPIOA_Handler                            0x000002ab   Thumb Code     2  startup_tm4c129.o(.text)
    GPIOB_Handler                            0x000002ad   Thumb Code     2  startup_tm4c129.o(.text)
    GPIOC_Handler                            0x000002af   Thumb Code     2  startup_tm4c129.o(.text)
    GPIOD_Handler                            0x000002b1   Thumb Code     2  startup_tm4c129.o(.text)
    GPIOE_Handler                            0x000002b3   Thumb Code     2  startup_tm4c129.o(.text)
    UART0_Handler                            0x000002b5   Thumb Code     2  startup_tm4c129.o(.text)
    UART1_Handler                            0x000002b7   Thumb Code     2  startup_tm4c129.o(.text)
    SSI0_Handler                             0x000002b9   Thumb Code     2  startup_tm4c129.o(.text)
    I2C0_Handler                             0x000002bb   Thumb Code     2  startup_tm4c129.o(.text)
    PMW0_FAULT_Handler                       0x000002bd   Thumb Code     2  startup_tm4c129.o(.text)
    PWM0_0_Handler                           0x000002bf   Thumb Code     2  startup_tm4c129.o(.text)
    PWM0_1_Handler                           0x000002c1   Thumb Code     2  startup_tm4c129.o(.text)
    PWM0_2_Handler                           0x000002c3   Thumb Code     2  startup_tm4c129.o(.text)
    QEI0_Handler                             0x000002c5   Thumb Code     2  startup_tm4c129.o(.text)
    ADC0SS0_Handler                          0x000002c7   Thumb Code     2  startup_tm4c129.o(.text)
    ADC0SS1_Handler                          0x000002c9   Thumb Code     2  startup_tm4c129.o(.text)
    ADC0SS2_Handler                          0x000002cb   Thumb Code     2  startup_tm4c129.o(.text)
    ADC0SS3_Handler                          0x000002cd   Thumb Code     2  startup_tm4c129.o(.text)
    WDT0_Handler                             0x000002cf   Thumb Code     2  startup_tm4c129.o(.text)
    TIMER0A_Handler                          0x000002d1   Thumb Code     2  startup_tm4c129.o(.text)
    TIMER0B_Handler                          0x000002d3   Thumb Code     2  startup_tm4c129.o(.text)
    TIMER1A_Handler                          0x000002d5   Thumb Code     2  startup_tm4c129.o(.text)
    TIMER1B_Handler                          0x000002d7   Thumb Code     2  startup_tm4c129.o(.text)
    TIMER2A_Handler                          0x000002d9   Thumb Code     2  startup_tm4c129.o(.text)
    TIMER2B_Handler                          0x000002db   Thumb Code     2  startup_tm4c129.o(.text)
    COMP0_Handler                            0x000002dd   Thumb Code     2  startup_tm4c129.o(.text)
    COMP1_Handler                            0x000002df   Thumb Code     2  startup_tm4c129.o(.text)
    COMP2_Handler                            0x000002e1   Thumb Code     2  startup_tm4c129.o(.text)
    SYSCTL_Handler                           0x000002e3   Thumb Code     2  startup_tm4c129.o(.text)
    FLASH_Handler                            0x000002e5   Thumb Code     2  startup_tm4c129.o(.text)
    GPIOF_Handler                            0x000002e7   Thumb Code     2  startup_tm4c129.o(.text)
    GPIOG_Handler                            0x000002e9   Thumb Code     2  startup_tm4c129.o(.text)
    GPIOH_Handler                            0x000002eb   Thumb Code     2  startup_tm4c129.o(.text)
    UART2_Handler                            0x000002ed   Thumb Code     2  startup_tm4c129.o(.text)
    SSI1_Handler                             0x000002ef   Thumb Code     2  startup_tm4c129.o(.text)
    TIMER3A_Handler                          0x000002f1   Thumb Code     2  startup_tm4c129.o(.text)
    TIMER3B_Handler                          0x000002f3   Thumb Code     2  startup_tm4c129.o(.text)
    I2C1_Handler                             0x000002f5   Thumb Code     2  startup_tm4c129.o(.text)
    CAN0_Handler                             0x000002f7   Thumb Code     2  startup_tm4c129.o(.text)
    CAN1_Handler                             0x000002f9   Thumb Code     2  startup_tm4c129.o(.text)
    ETH_Handler                              0x000002fb   Thumb Code     2  startup_tm4c129.o(.text)
    HIB_Handler                              0x000002fd   Thumb Code     2  startup_tm4c129.o(.text)
    USB0_Handler                             0x000002ff   Thumb Code     2  startup_tm4c129.o(.text)
    PWM0_3_Handler                           0x00000301   Thumb Code     2  startup_tm4c129.o(.text)
    UDMA_Handler                             0x00000303   Thumb Code     2  startup_tm4c129.o(.text)
    UDMAERR_Handler                          0x00000305   Thumb Code     2  startup_tm4c129.o(.text)
    ADC1SS0_Handler                          0x00000307   Thumb Code     2  startup_tm4c129.o(.text)
    ADC1SS1_Handler                          0x00000309   Thumb Code     2  startup_tm4c129.o(.text)
    ADC1SS2_Handler                          0x0000030b   Thumb Code     2  startup_tm4c129.o(.text)
    ADC1SS3_Handler                          0x0000030d   Thumb Code     2  startup_tm4c129.o(.text)
    EBI0_Handler                             0x0000030f   Thumb Code     2  startup_tm4c129.o(.text)
    GPIOJ_Handler                            0x00000311   Thumb Code     2  startup_tm4c129.o(.text)
    GPIOK_Handler                            0x00000313   Thumb Code     2  startup_tm4c129.o(.text)
    GPIOL_Handler                            0x00000315   Thumb Code     2  startup_tm4c129.o(.text)
    SSI2_Handler                             0x00000317   Thumb Code     2  startup_tm4c129.o(.text)
    SSI3_Handler                             0x00000319   Thumb Code     2  startup_tm4c129.o(.text)
    UART3_Handler                            0x0000031b   Thumb Code     2  startup_tm4c129.o(.text)
    UART4_Handler                            0x0000031d   Thumb Code     2  startup_tm4c129.o(.text)
    UART5_Handler                            0x0000031f   Thumb Code     2  startup_tm4c129.o(.text)
    UART6_Handler                            0x00000321   Thumb Code     2  startup_tm4c129.o(.text)
    UART7_Handler                            0x00000323   Thumb Code     2  startup_tm4c129.o(.text)
    I2C2_Handler                             0x00000325   Thumb Code     2  startup_tm4c129.o(.text)
    I2C3_Handler                             0x00000327   Thumb Code     2  startup_tm4c129.o(.text)
    TIMER4A_Handler                          0x00000329   Thumb Code     2  startup_tm4c129.o(.text)
    TIMER4B_Handler                          0x0000032b   Thumb Code     2  startup_tm4c129.o(.text)
    TIMER5A_Handler                          0x0000032d   Thumb Code     2  startup_tm4c129.o(.text)
    TIMER5B_Handler                          0x0000032f   Thumb Code     2  startup_tm4c129.o(.text)
    WTIMER0A_Handler                         0x00000331   Thumb Code     2  startup_tm4c129.o(.text)
    WTIMER0B_Handler                         0x00000333   Thumb Code     2  startup_tm4c129.o(.text)
    WTIMER1A_Handler                         0x00000335   Thumb Code     2  startup_tm4c129.o(.text)
    WTIMER1B_Handler                         0x00000337   Thumb Code     2  startup_tm4c129.o(.text)
    WTIMER2A_Handler                         0x00000339   Thumb Code     2  startup_tm4c129.o(.text)
    WTIMER2B_Handler                         0x0000033b   Thumb Code     2  startup_tm4c129.o(.text)
    WTIMER3A_Handler                         0x0000033d   Thumb Code     2  startup_tm4c129.o(.text)
    WTIMER3B_Handler                         0x0000033f   Thumb Code     2  startup_tm4c129.o(.text)
    WTIMER4A_Handler                         0x00000341   Thumb Code     2  startup_tm4c129.o(.text)
    WTIMER4B_Handler                         0x00000343   Thumb Code     2  startup_tm4c129.o(.text)
    WTIMER5A_Handler                         0x00000345   Thumb Code     2  startup_tm4c129.o(.text)
    WTIMER5B_Handler                         0x00000347   Thumb Code     2  startup_tm4c129.o(.text)
    FPU_Handler                              0x00000349   Thumb Code     2  startup_tm4c129.o(.text)
    I2C4_Handler                             0x0000034b   Thumb Code     2  startup_tm4c129.o(.text)
    I2C5_Handler                             0x0000034d   Thumb Code     2  startup_tm4c129.o(.text)
    GPIOM_Handler                            0x0000034f   Thumb Code     2  startup_tm4c129.o(.text)
    GPION_Handler                            0x00000351   Thumb Code     2  startup_tm4c129.o(.text)
    TAMPER_Handler                           0x00000353   Thumb Code     2  startup_tm4c129.o(.text)
    GPIOP0_Handler                           0x00000355   Thumb Code     2  startup_tm4c129.o(.text)
    GPIOP1_Handler                           0x00000357   Thumb Code     2  startup_tm4c129.o(.text)
    GPIOP2_Handler                           0x00000359   Thumb Code     2  startup_tm4c129.o(.text)
    GPIOP3_Handler                           0x0000035b   Thumb Code     2  startup_tm4c129.o(.text)
    GPIOP4_Handler                           0x0000035d   Thumb Code     2  startup_tm4c129.o(.text)
    GPIOP5_Handler                           0x0000035f   Thumb Code     2  startup_tm4c129.o(.text)
    GPIOP6_Handler                           0x00000361   Thumb Code     2  startup_tm4c129.o(.text)
    GPIOP7_Handler                           0x00000363   Thumb Code     2  startup_tm4c129.o(.text)
    GPIOQ0_Handler                           0x00000365   Thumb Code     2  startup_tm4c129.o(.text)
    GPIOQ1_Handler                           0x00000367   Thumb Code     2  startup_tm4c129.o(.text)
    GPIOQ2_Handler                           0x00000369   Thumb Code     2  startup_tm4c129.o(.text)
    GPIOQ3_Handler                           0x0000036b   Thumb Code     2  startup_tm4c129.o(.text)
    GPIOQ4_Handler                           0x0000036d   Thumb Code     2  startup_tm4c129.o(.text)
    GPIOQ5_Handler                           0x0000036f   Thumb Code     2  startup_tm4c129.o(.text)
    GPIOQ6_Handler                           0x00000371   Thumb Code     2  startup_tm4c129.o(.text)
    GPIOQ7_Handler                           0x00000373   Thumb Code     2  startup_tm4c129.o(.text)
    GPIOR_Handler                            0x00000375   Thumb Code     2  startup_tm4c129.o(.text)
    GPIOS_Handler                            0x00000377   Thumb Code     2  startup_tm4c129.o(.text)
    SHAMD5_Handler                           0x00000379   Thumb Code     2  startup_tm4c129.o(.text)
    AES_Handler                              0x0000037b   Thumb Code     2  startup_tm4c129.o(.text)
    DES3DES_Handler                          0x0000037d   Thumb Code     2  startup_tm4c129.o(.text)
    LCDCONTROLLER_Handler                    0x0000037f   Thumb Code     2  startup_tm4c129.o(.text)
    TIMER6A_Handler                          0x00000381   Thumb Code     2  startup_tm4c129.o(.text)
    TIMER6B_Handler                          0x00000383   Thumb Code     2  startup_tm4c129.o(.text)
    TIMER7A_Handler                          0x00000385   Thumb Code     2  startup_tm4c129.o(.text)
    TIMER7B_Handler                          0x00000387   Thumb Code     2  startup_tm4c129.o(.text)
    I2C6_Handler                             0x00000389   Thumb Code     2  startup_tm4c129.o(.text)
    I2C7_Handler                             0x0000038b   Thumb Code     2  startup_tm4c129.o(.text)
    HIMSCANKEYBOARD_Handler                  0x0000038d   Thumb Code     2  startup_tm4c129.o(.text)
    ONEWIRE_Handler                          0x0000038f   Thumb Code     2  startup_tm4c129.o(.text)
    HIMPS2_Handler                           0x00000391   Thumb Code     2  startup_tm4c129.o(.text)
    HIMLEDSEQUENCER_Handler                  0x00000393   Thumb Code     2  startup_tm4c129.o(.text)
    HIMCONSUMERIR_Handler                    0x00000395   Thumb Code     2  startup_tm4c129.o(.text)
    I2C8_Handler                             0x00000397   Thumb Code     2  startup_tm4c129.o(.text)
    I2C9_Handler                             0x00000399   Thumb Code     2  startup_tm4c129.o(.text)
    GPIOT_Handler                            0x0000039b   Thumb Code     2  startup_tm4c129.o(.text)
    __user_initial_stackheap                 0x0000039d   Thumb Code     0  startup_tm4c129.o(.text)
    printf                                   0x000003bd   Thumb Code    20  printf.o(.text)
    __aeabi_memcpy4                          0x000003d5   Thumb Code     0  rt_memcpy_w.o(.text)
    __aeabi_memcpy8                          0x000003d5   Thumb Code     0  rt_memcpy_w.o(.text)
    __rt_memcpy_w                            0x000003d5   Thumb Code   100  rt_memcpy_w.o(.text)
    _memcpy_lastbytes_aligned                0x0000041d   Thumb Code     0  rt_memcpy_w.o(.text)
    __use_two_region_memory                  0x00000439   Thumb Code     2  heapauxi.o(.text)
    __rt_heap_escrow                         0x0000043b   Thumb Code     2  heapauxi.o(.text)
    __rt_heap_expand                         0x0000043d   Thumb Code     2  heapauxi.o(.text)
    __read_errno                             0x0000043f   Thumb Code    10  _rserrno.o(.text)
    __set_errno                              0x00000449   Thumb Code    12  _rserrno.o(.text)
    _printf_pre_padding                      0x00000455   Thumb Code    44  _printf_pad.o(.text)
    _printf_post_padding                     0x00000481   Thumb Code    34  _printf_pad.o(.text)
    _printf_truncate_signed                  0x000004a3   Thumb Code    18  _printf_truncate.o(.text)
    _printf_truncate_unsigned                0x000004b5   Thumb Code    18  _printf_truncate.o(.text)
    _printf_str                              0x000004c7   Thumb Code    82  _printf_str.o(.text)
    _printf_int_dec                          0x00000519   Thumb Code   104  _printf_dec.o(.text)
    _printf_charcount                        0x00000591   Thumb Code    40  _printf_charcount.o(.text)
    _printf_char_file                        0x000005b9   Thumb Code    32  _printf_char_file.o(.text)
    _printf_wctomb                           0x000005dd   Thumb Code   182  _printf_wctomb.o(.text)
    _printf_longlong_dec                     0x00000699   Thumb Code   108  _printf_longlong_dec.o(.text)
    _printf_longlong_oct                     0x00000715   Thumb Code    68  _printf_oct_int_ll.o(.text)
    _printf_int_oct                          0x00000759   Thumb Code    24  _printf_oct_int_ll.o(.text)
    _printf_ll_oct                           0x00000771   Thumb Code    12  _printf_oct_int_ll.o(.text)
    _printf_longlong_hex                     0x00000785   Thumb Code    86  _printf_hex_int_ll_ptr.o(.text)
    _printf_int_hex                          0x000007db   Thumb Code    28  _printf_hex_int_ll_ptr.o(.text)
    _printf_ll_hex                           0x000007f7   Thumb Code    12  _printf_hex_int_ll_ptr.o(.text)
    _printf_hex_ptr                          0x00000803   Thumb Code    18  _printf_hex_int_ll_ptr.o(.text)
    __printf                                 0x00000819   Thumb Code   388  __printf_flags_ss_wp.o(.text)
    __aeabi_errno_addr                       0x000009a1   Thumb Code     8  rt_errno_addr.o(.text)
    __errno                                  0x000009a1   Thumb Code     0  rt_errno_addr.o(.text)
    __rt_errno_addr                          0x000009a1   Thumb Code     0  rt_errno_addr.o(.text)
    _ll_udiv10                               0x000009a9   Thumb Code   138  lludiv10.o(.text)
    _printf_int_common                       0x00000a33   Thumb Code   178  _printf_intcommon.o(.text)
    _printf_fp_dec_real                      0x00000c95   Thumb Code   620  _printf_fp_dec.o(.text)
    _printf_fp_hex_real                      0x00000f01   Thumb Code   756  _printf_fp_hex.o(.text)
    _printf_char_common                      0x00001207   Thumb Code    32  _printf_char_common.o(.text)
    _printf_cs_common                        0x0000122d   Thumb Code    20  _printf_char.o(.text)
    _printf_char                             0x00001241   Thumb Code    16  _printf_char.o(.text)
    _printf_string                           0x00001251   Thumb Code     8  _printf_char.o(.text)
    _printf_lcs_common                       0x00001259   Thumb Code    20  _printf_wchar.o(.text)
    _printf_wchar                            0x0000126d   Thumb Code    16  _printf_wchar.o(.text)
    _printf_wstring                          0x0000127d   Thumb Code     8  _printf_wchar.o(.text)
    ferror                                   0x00001285   Thumb Code     8  ferror.o(.text)
    _initio                                  0x0000128d   Thumb Code   210  initio.o(.text)
    _terminateio                             0x0000135f   Thumb Code    56  initio.o(.text)
    _c16rtomb                                0x000013c5   Thumb Code    72  _c16rtomb.o(.text)
    _wcrtomb                                 0x000013c5   Thumb Code     0  _c16rtomb.o(.text)
    __rt_ctype_table                         0x0000140d   Thumb Code    16  rt_ctype_table.o(.text)
    __rt_locale                              0x0000141d   Thumb Code     8  rt_locale.o(.text)
    free                                     0x00001425   Thumb Code    78  h1_free.o(.text)
    _printf_fp_infnan                        0x00001475   Thumb Code   112  _printf_fp_infnan.o(.text)
    _btod_etento                             0x000014f5   Thumb Code   224  bigflt0.o(.text)
    __flsbuf                                 0x000015d9   Thumb Code   482  flsbuf.o(.text)
    __flsbuf_byte                            0x000015d9   Thumb Code     0  flsbuf.o(.text)
    __flsbuf_wide                            0x000015d9   Thumb Code     0  flsbuf.o(.text)
    setvbuf                                  0x000017bb   Thumb Code    70  setvbuf.o(.text)
    freopen                                  0x00001801   Thumb Code   160  fopen.o(.text)
    fopen                                    0x000018a1   Thumb Code    74  fopen.o(.text)
    _fclose_internal                         0x000018f1   Thumb Code    76  fclose.o(.text)
    fclose                                   0x000018f1   Thumb Code     0  fclose.o(.text)
    __rt_SIGRTRED                            0x0000193d   Thumb Code    14  defsig_rtred_outer.o(.text)
    __aeabi_memclr4                          0x0000194b   Thumb Code     0  rt_memclr_w.o(.text)
    __aeabi_memclr8                          0x0000194b   Thumb Code     0  rt_memclr_w.o(.text)
    __rt_memclr_w                            0x0000194b   Thumb Code     0  rt_memclr_w.o(.text)
    _memset_w                                0x0000194f   Thumb Code    74  rt_memclr_w.o(.text)
    _sys_open                                0x00001999   Thumb Code    20  sys_io.o(.text)
    _sys_close                               0x000019ad   Thumb Code    12  sys_io.o(.text)
    _sys_write                               0x000019b9   Thumb Code    16  sys_io.o(.text)
    _sys_read                                0x000019c9   Thumb Code    14  sys_io.o(.text)
    _sys_istty                               0x000019d7   Thumb Code    12  sys_io.o(.text)
    _sys_seek                                0x000019e3   Thumb Code    14  sys_io.o(.text)
    _sys_ensure                              0x000019f1   Thumb Code     2  sys_io.o(.text)
    _sys_flen                                0x000019f3   Thumb Code    12  sys_io.o(.text)
    __rt_heap_descriptor                     0x00001a01   Thumb Code     8  rt_heap_descriptor.o(.text)
    __use_no_heap                            0x00001a09   Thumb Code     2  hguard.o(.text)
    __heap$guard                             0x00001a0b   Thumb Code     2  hguard.o(.text)
    _terminate_user_alloc                    0x00001a0d   Thumb Code     2  init_alloc.o(.text)
    _init_user_alloc                         0x00001a0f   Thumb Code     2  init_alloc.o(.text)
    __Heap_Full                              0x00001a11   Thumb Code    34  init_alloc.o(.text)
    __Heap_Broken                            0x00001a33   Thumb Code     6  init_alloc.o(.text)
    _init_alloc                              0x00001a39   Thumb Code    94  init_alloc.o(.text)
    malloc                                   0x00001a97   Thumb Code    94  h1_alloc.o(.text)
    _fseek                                   0x00001af5   Thumb Code   242  fseek.o(.text)
    fseek                                    0x00001af5   Thumb Code     0  fseek.o(.text)
    _seterr                                  0x00001bed   Thumb Code    20  stdio.o(.text)
    _writebuf                                0x00001c01   Thumb Code    84  stdio.o(.text)
    _fflush                                  0x00001c55   Thumb Code    70  stdio.o(.text)
    _deferredlazyseek                        0x00001c9b   Thumb Code    60  stdio.o(.text)
    __sig_exit                               0x00001cdd   Thumb Code    10  defsig_exit.o(.text)
    __rt_SIGRTRED_inner                      0x00001ce9   Thumb Code    14  defsig_rtred_inner.o(.text)
    strcmp                                   0x00001d21   Thumb Code   124  strcmpv7em.o(.text)
    _sys_exit                                0x00001d9d   Thumb Code     8  sys_exit.o(.text)
    __I$use$semihosting                      0x00001da9   Thumb Code     0  use_no_semi.o(.text)
    __use_no_semihosting_swi                 0x00001da9   Thumb Code     2  use_no_semi.o(.text)
    __Heap_Initialize                        0x00001dab   Thumb Code    10  h1_init.o(.text)
    __semihosting_library_function           0x00001dab   Thumb Code     0  indicate_semi.o(.text)
    _maybe_terminate_alloc                   0x00001dab   Thumb Code     0  maybetermalloc1.o(.text)
    __Heap_DescSize                          0x00001db5   Thumb Code     4  h1_init.o(.text)
    __Heap_ProvideMemory                     0x00001db9   Thumb Code    52  h1_extend.o(.text)
    _ftell_internal                          0x00001ded   Thumb Code    66  ftell.o(.text)
    ftell                                    0x00001ded   Thumb Code     0  ftell.o(.text)
    __default_signal_display                 0x00001e2f   Thumb Code    50  defsig_general.o(.text)
    __rt_SIGRTMEM                            0x00001e61   Thumb Code    14  defsig_rtmem_outer.o(.text)
    strlen                                   0x00001e6f   Thumb Code    62  strlen.o(.text)
    _ttywrch                                 0x00001ead   Thumb Code    14  sys_wrch.o(.text)
    __rt_SIGRTMEM_inner                      0x00001ebd   Thumb Code    22  defsig_rtmem_inner.o(.text)
    SystemInit                               0x00002701   Thumb Code    20  system_tm4c129.o(.text.SystemInit)
    __main                                   0x00002715   Thumb Code    78  source.o(.text.__main)
    _btod_d2e                                0x00002763   Thumb Code    62  btod.o(CL$$btod_d2e)
    _d2e_denorm_low                          0x000027a1   Thumb Code    70  btod.o(CL$$btod_d2e_denorm_low)
    _d2e_norm_op1                            0x000027e7   Thumb Code    96  btod.o(CL$$btod_d2e_norm_op1)
    __btod_div_common                        0x00002849   Thumb Code   696  btod.o(CL$$btod_div_common)
    _e2e                                     0x00002b81   Thumb Code   220  btod.o(CL$$btod_e2e)
    _btod_ediv                               0x00002c5d   Thumb Code    42  btod.o(CL$$btod_ediv)
    _btod_emul                               0x00002c87   Thumb Code    42  btod.o(CL$$btod_emul)
    __btod_mult_common                       0x00002cb1   Thumb Code   580  btod.o(CL$$btod_mult_common)
    __ARM_fpclassify                         0x00002ef5   Thumb Code    40  fpclassify.o(i.__ARM_fpclassify)
    __kernel_poly                            0x00002f1d   Thumb Code   170  poly.o(i.__kernel_poly)
    __mathlib_dbl_infnan                     0x00002fc7   Thumb Code     6  dunder.o(i.__mathlib_dbl_infnan)
    __mathlib_dbl_overflow                   0x00002fcd   Thumb Code    14  dunder.o(i.__mathlib_dbl_overflow)
    __mathlib_dbl_underflow                  0x00002fdd   Thumb Code    10  dunder.o(i.__mathlib_dbl_underflow)
    _is_digit                                0x00002fed   Thumb Code    14  __printf_wp.o(i._is_digit)
    exp                                      0x00002ffd   Thumb Code   554  exp.o(i.exp)
    fputc                                    0x00003281   Thumb Code    28  fputc.o(i.fputc)
    _get_lc_numeric                          0x0000329d   Thumb Code    44  lc_numeric_c.o(locale$$code)
    _get_lc_ctype                            0x000032c9   Thumb Code    44  lc_ctype_c.o(locale$$code)
    __aeabi_d2f                              0x000032f5   Thumb Code     0  d2f.o(x$fpl$d2f)
    _d2f                                     0x000032f5   Thumb Code    98  d2f.o(x$fpl$d2f)
    __aeabi_dadd                             0x00003359   Thumb Code     0  daddsub_clz.o(x$fpl$dadd)
    _dadd                                    0x00003359   Thumb Code   332  daddsub_clz.o(x$fpl$dadd)
    __fpl_dcheck_NaN1                        0x000034a9   Thumb Code    10  dcheck1.o(x$fpl$dcheck1)
    __fpl_dcmp_Inf                           0x000034b9   Thumb Code    24  dcmpi.o(x$fpl$dcmpinf)
    __aeabi_ddiv                             0x000034d1   Thumb Code     0  ddiv.o(x$fpl$ddiv)
    _ddiv                                    0x000034d1   Thumb Code   556  ddiv.o(x$fpl$ddiv)
    __aeabi_cdcmpeq                          0x00003785   Thumb Code     0  deqf.o(x$fpl$deqf)
    _dcmpeq                                  0x00003785   Thumb Code   120  deqf.o(x$fpl$deqf)
    __aeabi_d2iz                             0x000037fd   Thumb Code     0  dfix.o(x$fpl$dfix)
    _dfix                                    0x000037fd   Thumb Code    94  dfix.o(x$fpl$dfix)
    __aeabi_i2d                              0x0000385b   Thumb Code     0  dflt_clz.o(x$fpl$dflt)
    _dflt                                    0x0000385b   Thumb Code    46  dflt_clz.o(x$fpl$dflt)
    __aeabi_cdcmpge                          0x00003889   Thumb Code     0  dgeqf.o(x$fpl$dgeqf)
    _dcmpge                                  0x00003889   Thumb Code   120  dgeqf.o(x$fpl$dgeqf)
    __aeabi_cdcmple                          0x00003901   Thumb Code     0  dleqf.o(x$fpl$dleqf)
    _dcmple                                  0x00003901   Thumb Code   120  dleqf.o(x$fpl$dleqf)
    __fpl_dcmple_InfNaN                      0x00003963   Thumb Code     0  dleqf.o(x$fpl$dleqf)
    __aeabi_dmul                             0x00003979   Thumb Code     0  dmul.o(x$fpl$dmul)
    _dmul                                    0x00003979   Thumb Code   332  dmul.o(x$fpl$dmul)
    __fpl_dnaninf                            0x00003acd   Thumb Code   156  dnaninf.o(x$fpl$dnaninf)
    __fpl_dretinf                            0x00003b69   Thumb Code    12  dretinf.o(x$fpl$dretinf)
    __aeabi_cdrcmple                         0x00003b75   Thumb Code     0  drleqf.o(x$fpl$drleqf)
    _drcmple                                 0x00003b75   Thumb Code   108  drleqf.o(x$fpl$drleqf)
    __aeabi_drsub                            0x00003be1   Thumb Code     0  daddsub_clz.o(x$fpl$drsb)
    _drsb                                    0x00003be1   Thumb Code    22  daddsub_clz.o(x$fpl$drsb)
    __aeabi_dsub                             0x00003bf9   Thumb Code     0  daddsub_clz.o(x$fpl$dsub)
    _dsub                                    0x00003bf9   Thumb Code   472  daddsub_clz.o(x$fpl$dsub)
    __aeabi_f2d                              0x00003dd5   Thumb Code     0  f2d.o(x$fpl$f2d)
    _f2d                                     0x00003dd5   Thumb Code    86  f2d.o(x$fpl$f2d)
    __aeabi_fadd                             0x00003e2d   Thumb Code     0  faddsub_clz.o(x$fpl$fadd)
    _fadd                                    0x00003e2d   Thumb Code   196  faddsub_clz.o(x$fpl$fadd)
    __aeabi_dcmpeq                           0x00003ef1   Thumb Code     0  dcmp.o(x$fpl$fcmp)
    _deq                                     0x00003ef1   Thumb Code    14  dcmp.o(x$fpl$fcmp)
    _dneq                                    0x00003eff   Thumb Code    14  dcmp.o(x$fpl$fcmp)
    __aeabi_dcmpgt                           0x00003f0d   Thumb Code     0  dcmp.o(x$fpl$fcmp)
    _dgr                                     0x00003f0d   Thumb Code    14  dcmp.o(x$fpl$fcmp)
    __aeabi_dcmpge                           0x00003f1b   Thumb Code     0  dcmp.o(x$fpl$fcmp)
    _dgeq                                    0x00003f1b   Thumb Code    14  dcmp.o(x$fpl$fcmp)
    __aeabi_dcmple                           0x00003f29   Thumb Code     0  dcmp.o(x$fpl$fcmp)
    _dleq                                    0x00003f29   Thumb Code    14  dcmp.o(x$fpl$fcmp)
    __aeabi_dcmplt                           0x00003f37   Thumb Code     0  dcmp.o(x$fpl$fcmp)
    _dls                                     0x00003f37   Thumb Code    14  dcmp.o(x$fpl$fcmp)
    __aeabi_fcmpeq                           0x00003f45   Thumb Code     0  fcmp.o(x$fpl$fcmp)
    _feq                                     0x00003f45   Thumb Code    14  fcmp.o(x$fpl$fcmp)
    _fneq                                    0x00003f53   Thumb Code    14  fcmp.o(x$fpl$fcmp)
    __aeabi_fcmpgt                           0x00003f61   Thumb Code     0  fcmp.o(x$fpl$fcmp)
    _fgr                                     0x00003f61   Thumb Code    14  fcmp.o(x$fpl$fcmp)
    __aeabi_fcmpge                           0x00003f6f   Thumb Code     0  fcmp.o(x$fpl$fcmp)
    _fgeq                                    0x00003f6f   Thumb Code    14  fcmp.o(x$fpl$fcmp)
    __aeabi_fcmple                           0x00003f7d   Thumb Code     0  fcmp.o(x$fpl$fcmp)
    _fleq                                    0x00003f7d   Thumb Code    14  fcmp.o(x$fpl$fcmp)
    __aeabi_fcmplt                           0x00003f8b   Thumb Code     0  fcmp.o(x$fpl$fcmp)
    _fls                                     0x00003f8b   Thumb Code    14  fcmp.o(x$fpl$fcmp)
    __fpl_fcmp_Inf                           0x00003f99   Thumb Code    24  fcmpi.o(x$fpl$fcmpinf)
    __aeabi_cfcmpeq                          0x00003fb1   Thumb Code     0  feqf.o(x$fpl$feqf)
    _fcmpeq                                  0x00003fb1   Thumb Code   104  feqf.o(x$fpl$feqf)
    _fcmpge                                  0x00004019   Thumb Code   104  fgeqf.o(x$fpl$fgeqf)
    __aeabi_cfcmple                          0x00004081   Thumb Code     0  fleqf.o(x$fpl$fleqf)
    _fcmple                                  0x00004081   Thumb Code   104  fleqf.o(x$fpl$fleqf)
    __fpl_fcmple_InfNaN                      0x000040d3   Thumb Code     0  fleqf.o(x$fpl$fleqf)
    __aeabi_fmul                             0x000040e9   Thumb Code     0  fmul.o(x$fpl$fmul)
    _fmul                                    0x000040e9   Thumb Code   258  fmul.o(x$fpl$fmul)
    __fpl_fnaninf                            0x000041eb   Thumb Code   140  fnaninf.o(x$fpl$fnaninf)
    __fpl_fretinf                            0x00004277   Thumb Code    10  fretinf.o(x$fpl$fretinf)
    __aeabi_fsub                             0x00004281   Thumb Code     0  faddsub_clz.o(x$fpl$fsub)
    _fsub                                    0x00004281   Thumb Code   234  faddsub_clz.o(x$fpl$fsub)
    _printf_fp_dec                           0x0000436b   Thumb Code     4  printf1.o(x$fpl$printf1)
    _printf_fp_hex                           0x0000436f   Thumb Code     4  printf2.o(x$fpl$printf2)
    __fpl_return_NaN                         0x00004373   Thumb Code   100  retnan.o(x$fpl$retnan)
    __ARM_scalbn                             0x000043d7   Thumb Code    92  scalbn.o(x$fpl$scalbn)
    __fpl_cmpreturn                          0x00004433   Thumb Code    48  trapv.o(x$fpl$trapveneer)
    __I$use$fp                               0x00004462   Number         0  usenofp.o(x$fpl$usenofp)
    __stdin_name                             0x00004527   Data           4  sys_io_names.o(.constdata)
    __stdout_name                            0x0000452b   Data           4  sys_io_names.o(.constdata)
    __stderr_name                            0x0000452f   Data           4  sys_io_names.o(.constdata)
    __ctype                                  0x00007c21   Data           0  lc_ctype_c.o(locale$$data)
    __aeabi_stdin                            0x20000000   Data           4  stdio_streams.o(.data)
    __aeabi_stdout                           0x20000004   Data           4  stdio_streams.o(.data)
    __aeabi_stderr                           0x20000008   Data           4  stdio_streams.o(.data)
    SystemCoreClock                          0x2000000c   Data           4  system_tm4c129.o(.data.SystemCoreClock)
    __stdin                                  0x20000010   Data          84  stdio_streams.o(.bss)
    __stdout                                 0x20000064   Data          84  stdio_streams.o(.bss)
    __stderr                                 0x200000b8   Data          84  stdio_streams.o(.bss)



==============================================================================

Memory Map of the image

  Image Entry point : 0x00000291

  Load Region LR_1 (Base: 0x00000000, Size: 0x00007d34, Max: 0xffffffff, ABSOLUTE)

    Execution Region ER_RO (Exec base: 0x00000000, Load base: 0x00000000, Size: 0x00007d24, Max: 0xffffffff, ABSOLUTE)

    Exec Addr    Load Addr    Size         Type   Attr      Idx    E Section Name        Object

    0x00000000   0x00000000   0x00000200   Data   RO           63    RESET               startup_tm4c129.o
    0x00000200   0x00000200   0x00000000   Code   RO          202    .ARM.Collect$$_printf_percent$$00000000  c_w.l(_printf_percent.o)
    0x00000200   0x00000200   0x00000006   Code   RO          191    .ARM.Collect$$_printf_percent$$00000001  c_w.l(_printf_n.o)
    0x00000206   0x00000206   0x00000006   Code   RO          193    .ARM.Collect$$_printf_percent$$00000002  c_w.l(_printf_p.o)
    0x0000020c   0x0000020c   0x00000006   Code   RO          198    .ARM.Collect$$_printf_percent$$00000003  c_w.l(_printf_f.o)
    0x00000212   0x00000212   0x00000006   Code   RO          199    .ARM.Collect$$_printf_percent$$00000004  c_w.l(_printf_e.o)
    0x00000218   0x00000218   0x00000006   Code   RO          200    .ARM.Collect$$_printf_percent$$00000005  c_w.l(_printf_g.o)
    0x0000021e   0x0000021e   0x00000006   Code   RO          201    .ARM.Collect$$_printf_percent$$00000006  c_w.l(_printf_a.o)
    0x00000224   0x00000224   0x0000000a   Code   RO          206    .ARM.Collect$$_printf_percent$$00000007  c_w.l(_printf_ll.o)
    0x0000022e   0x0000022e   0x00000006   Code   RO          195    .ARM.Collect$$_printf_percent$$00000008  c_w.l(_printf_i.o)
    0x00000234   0x00000234   0x00000006   Code   RO          196    .ARM.Collect$$_printf_percent$$00000009  c_w.l(_printf_d.o)
    0x0000023a   0x0000023a   0x00000006   Code   RO          197    .ARM.Collect$$_printf_percent$$0000000A  c_w.l(_printf_u.o)
    0x00000240   0x00000240   0x00000006   Code   RO          194    .ARM.Collect$$_printf_percent$$0000000B  c_w.l(_printf_o.o)
    0x00000246   0x00000246   0x00000006   Code   RO          192    .ARM.Collect$$_printf_percent$$0000000C  c_w.l(_printf_x.o)
    0x0000024c   0x0000024c   0x00000006   Code   RO          203    .ARM.Collect$$_printf_percent$$0000000D  c_w.l(_printf_lli.o)
    0x00000252   0x00000252   0x00000006   Code   RO          204    .ARM.Collect$$_printf_percent$$0000000E  c_w.l(_printf_lld.o)
    0x00000258   0x00000258   0x00000006   Code   RO          205    .ARM.Collect$$_printf_percent$$0000000F  c_w.l(_printf_llu.o)
    0x0000025e   0x0000025e   0x00000006   Code   RO          210    .ARM.Collect$$_printf_percent$$00000010  c_w.l(_printf_llo.o)
    0x00000264   0x00000264   0x00000006   Code   RO          211    .ARM.Collect$$_printf_percent$$00000011  c_w.l(_printf_llx.o)
    0x0000026a   0x0000026a   0x0000000a   Code   RO          207    .ARM.Collect$$_printf_percent$$00000012  c_w.l(_printf_l.o)
    0x00000274   0x00000274   0x00000006   Code   RO          189    .ARM.Collect$$_printf_percent$$00000013  c_w.l(_printf_c.o)
    0x0000027a   0x0000027a   0x00000006   Code   RO          190    .ARM.Collect$$_printf_percent$$00000014  c_w.l(_printf_s.o)
    0x00000280   0x00000280   0x00000006   Code   RO          208    .ARM.Collect$$_printf_percent$$00000015  c_w.l(_printf_lc.o)
    0x00000286   0x00000286   0x00000006   Code   RO          209    .ARM.Collect$$_printf_percent$$00000016  c_w.l(_printf_ls.o)
    0x0000028c   0x0000028c   0x00000004   Code   RO          303    .ARM.Collect$$_printf_percent$$00000017  c_w.l(_printf_percent_end.o)
    0x00000290   0x00000290   0x00000000   Code   RO          458    .ARM.Collect$$libinit$$0000000C  c_w.l(libinit2.o)
    0x00000290   0x00000290   0x00000000   Code   RO          467    .ARM.Collect$$libinit$$00000015  c_w.l(libinit2.o)
    0x00000290   0x00000290   0x00000000   Code   RO          471    .ARM.Collect$$libinit$$00000019  c_w.l(libinit2.o)
    0x00000290   0x00000290   0x00000000   Code   RO          485    .ARM.Collect$$libinit$$00000027  c_w.l(libinit2.o)
    0x00000290   0x00000290   0x00000000   Code   RO          500    .ARM.Collect$$libshutdown$$00000004  c_w.l(libshutdown2.o)
    0x00000290   0x00000290   0x0000012c   Code   RO           64  * .text               startup_tm4c129.o
    0x000003bc   0x000003bc   0x00000018   Code   RO           84    .text               c_w.l(printf.o)
    0x000003d4   0x000003d4   0x00000064   Code   RO           86    .text               c_w.l(rt_memcpy_w.o)
    0x00000438   0x00000438   0x00000006   Code   RO           88    .text               c_w.l(heapauxi.o)
    0x0000043e   0x0000043e   0x00000016   Code   RO          121    .text               c_w.l(_rserrno.o)
    0x00000454   0x00000454   0x0000004e   Code   RO          125    .text               c_w.l(_printf_pad.o)
    0x000004a2   0x000004a2   0x00000024   Code   RO          127    .text               c_w.l(_printf_truncate.o)
    0x000004c6   0x000004c6   0x00000052   Code   RO          129    .text               c_w.l(_printf_str.o)
    0x00000518   0x00000518   0x00000078   Code   RO          131    .text               c_w.l(_printf_dec.o)
    0x00000590   0x00000590   0x00000028   Code   RO          133    .text               c_w.l(_printf_charcount.o)
    0x000005b8   0x000005b8   0x00000024   Code   RO          135    .text               c_w.l(_printf_char_file.o)
    0x000005dc   0x000005dc   0x000000bc   Code   RO          137    .text               c_w.l(_printf_wctomb.o)
    0x00000698   0x00000698   0x0000007c   Code   RO          140    .text               c_w.l(_printf_longlong_dec.o)
    0x00000714   0x00000714   0x00000070   Code   RO          146    .text               c_w.l(_printf_oct_int_ll.o)
    0x00000784   0x00000784   0x00000094   Code   RO          166    .text               c_w.l(_printf_hex_int_ll_ptr.o)
    0x00000818   0x00000818   0x00000188   Code   RO          186    .text               c_w.l(__printf_flags_ss_wp.o)
    0x000009a0   0x000009a0   0x00000008   Code   RO          281    .text               c_w.l(rt_errno_addr.o)
    0x000009a8   0x000009a8   0x0000008a   Code   RO          286    .text               c_w.l(lludiv10.o)
    0x00000a32   0x00000a32   0x000000b2   Code   RO          288    .text               c_w.l(_printf_intcommon.o)
    0x00000ae4   0x00000ae4   0x0000041c   Code   RO          290    .text               c_w.l(_printf_fp_dec.o)
    0x00000f00   0x00000f00   0x000002fc   Code   RO          294    .text               c_w.l(_printf_fp_hex.o)
    0x000011fc   0x000011fc   0x00000030   Code   RO          297    .text               c_w.l(_printf_char_common.o)
    0x0000122c   0x0000122c   0x0000002c   Code   RO          299    .text               c_w.l(_printf_char.o)
    0x00001258   0x00001258   0x0000002c   Code   RO          301    .text               c_w.l(_printf_wchar.o)
    0x00001284   0x00001284   0x00000008   Code   RO          304    .text               c_w.l(ferror.o)
    0x0000128c   0x0000128c   0x00000138   Code   RO          310    .text               c_w.l(initio.o)
    0x000013c4   0x000013c4   0x00000048   Code   RO          318    .text               c_w.l(_c16rtomb.o)
    0x0000140c   0x0000140c   0x00000010   Code   RO          334    .text               c_w.l(rt_ctype_table.o)
    0x0000141c   0x0000141c   0x00000008   Code   RO          336    .text               c_w.l(rt_locale.o)
    0x00001424   0x00001424   0x0000004e   Code   RO          343    .text               c_w.l(h1_free.o)
    0x00001472   0x00001472   0x00000002   PAD
    0x00001474   0x00001474   0x00000080   Code   RO          397    .text               c_w.l(_printf_fp_infnan.o)
    0x000014f4   0x000014f4   0x000000e4   Code   RO          401    .text               c_w.l(bigflt0.o)
    0x000015d8   0x000015d8   0x000001e2   Code   RO          428    .text               c_w.l(flsbuf.o)
    0x000017ba   0x000017ba   0x00000046   Code   RO          430    .text               c_w.l(setvbuf.o)
    0x00001800   0x00001800   0x000000f0   Code   RO          433    .text               c_w.l(fopen.o)
    0x000018f0   0x000018f0   0x0000004c   Code   RO          435    .text               c_w.l(fclose.o)
    0x0000193c   0x0000193c   0x0000000e   Code   RO          444    .text               c_w.l(defsig_rtred_outer.o)
    0x0000194a   0x0000194a   0x0000004e   Code   RO          448    .text               c_w.l(rt_memclr_w.o)
    0x00001998   0x00001998   0x00000066   Code   RO          519    .text               c_w.l(sys_io.o)
    0x000019fe   0x000019fe   0x00000002   PAD
    0x00001a00   0x00001a00   0x00000008   Code   RO          525    .text               c_w.l(rt_heap_descriptor.o)
    0x00001a08   0x00001a08   0x00000004   Code   RO          530    .text               c_w.l(hguard.o)
    0x00001a0c   0x00001a0c   0x0000008a   Code   RO          532    .text               c_w.l(init_alloc.o)
    0x00001a96   0x00001a96   0x0000005e   Code   RO          538    .text               c_w.l(h1_alloc.o)
    0x00001af4   0x00001af4   0x000000f8   Code   RO          554    .text               c_w.l(fseek.o)
    0x00001bec   0x00001bec   0x000000f0   Code   RO          556    .text               c_w.l(stdio.o)
    0x00001cdc   0x00001cdc   0x0000000a   Code   RO          565    .text               c_w.l(defsig_exit.o)
    0x00001ce6   0x00001ce6   0x00000002   PAD
    0x00001ce8   0x00001ce8   0x00000034   Code   RO          567    .text               c_w.l(defsig_rtred_inner.o)
    0x00001d1c   0x00001d1c   0x00000004   PAD
    0x00001d20   0x00001d20   0x0000007c   Code   RO          571    .text               c_w.l(strcmpv7em.o)
    0x00001d9c   0x00001d9c   0x0000000c   Code   RO          579    .text               c_w.l(sys_exit.o)
    0x00001da8   0x00001da8   0x00000002   Code   RO          583    .text               c_w.l(use_no_semi.o)
    0x00001daa   0x00001daa   0x00000000   Code   RO          585    .text               c_w.l(indicate_semi.o)
    0x00001daa   0x00001daa   0x00000000   Code   RO          586    .text               c_w.l(maybetermalloc1.o)
    0x00001daa   0x00001daa   0x0000000e   Code   RO          588    .text               c_w.l(h1_init.o)
    0x00001db8   0x00001db8   0x00000034   Code   RO          590    .text               c_w.l(h1_extend.o)
    0x00001dec   0x00001dec   0x00000042   Code   RO          602    .text               c_w.l(ftell.o)
    0x00001e2e   0x00001e2e   0x00000032   Code   RO          610    .text               c_w.l(defsig_general.o)
    0x00001e60   0x00001e60   0x0000000e   Code   RO          612    .text               c_w.l(defsig_rtmem_outer.o)
    0x00001e6e   0x00001e6e   0x0000003e   Code   RO          616    .text               c_w.l(strlen.o)
    0x00001eac   0x00001eac   0x0000000e   Code   RO          629    .text               c_w.l(sys_wrch.o)
    0x00001eba   0x00001eba   0x00000002   PAD
    0x00001ebc   0x00001ebc   0x00000050   Code   RO          641    .text               c_w.l(defsig_rtmem_inner.o)
    0x00001f0c   0x00001f0c   0x0000007a   Code   RO           10    .text.AddBais       source.o
    0x00001f86   0x00001f86   0x00000002   PAD
    0x00001f88   0x00001f88   0x00000088   Code   RO            8    .text.Conv2DLayer_KernelSize5  source.o
    0x00002010   0x00002010   0x0000004a   Code   RO           14    .text.FullyConnectedLayer  source.o
    0x0000205a   0x0000205a   0x00000002   PAD
    0x0000205c   0x0000205c   0x00000068   Code   RO           24    .text.Get_Maximum   source.o
    0x000020c4   0x000020c4   0x0000026e   Code   RO            6    .text.Initialize_ModelParameters  source.o
    0x00002332   0x00002332   0x00000002   PAD
    0x00002334   0x00002334   0x000000ae   Code   RO           12    .text.MaxPoolLayer  source.o
    0x000023e2   0x000023e2   0x00000002   PAD
    0x000023e4   0x000023e4   0x000001a6   Code   RO            4    .text.Model_Inference  source.o
    0x0000258a   0x0000258a   0x00000002   PAD
    0x0000258c   0x0000258c   0x0000006c   Code   RO           20    .text.Perform_Mat5Conv2D  source.o
    0x000025f8   0x000025f8   0x0000005c   Code   RO           22    .text.Populate_MatMaxPool5X2  source.o
    0x00002654   0x00002654   0x00000074   Code   RO           18    .text.Populate_PixelMat5  source.o
    0x000026c8   0x000026c8   0x00000038   Code   RO           16    .text.Sigmoid       source.o
    0x00002700   0x00002700   0x00000014   Code   RO           73    .text.SystemInit    system_tm4c129.o
    0x00002714   0x00002714   0x0000004e   Code   RO            2    .text.__main        source.o
    0x00002762   0x00002762   0x0000003e   Code   RO          404    CL$$btod_d2e        c_w.l(btod.o)
    0x000027a0   0x000027a0   0x00000046   Code   RO          406    CL$$btod_d2e_denorm_low  c_w.l(btod.o)
    0x000027e6   0x000027e6   0x00000060   Code   RO          405    CL$$btod_d2e_norm_op1  c_w.l(btod.o)
    0x00002846   0x00002846   0x00000002   PAD
    0x00002848   0x00002848   0x00000338   Code   RO          414    CL$$btod_div_common  c_w.l(btod.o)
    0x00002b80   0x00002b80   0x000000dc   Code   RO          411    CL$$btod_e2e        c_w.l(btod.o)
    0x00002c5c   0x00002c5c   0x0000002a   Code   RO          408    CL$$btod_ediv       c_w.l(btod.o)
    0x00002c86   0x00002c86   0x0000002a   Code   RO          407    CL$$btod_emul       c_w.l(btod.o)
    0x00002cb0   0x00002cb0   0x00000244   Code   RO          413    CL$$btod_mult_common  c_w.l(btod.o)
    0x00002ef4   0x00002ef4   0x00000028   Code   RO          277    i.__ARM_fpclassify  m_ws.l(fpclassify.o)
    0x00002f1c   0x00002f1c   0x000000aa   Code   RO          279    i.__kernel_poly     m_ws.l(poly.o)
    0x00002fc6   0x00002fc6   0x00000006   Code   RO          264    i.__mathlib_dbl_infnan  m_ws.l(dunder.o)
    0x00002fcc   0x00002fcc   0x0000000e   Code   RO          267    i.__mathlib_dbl_overflow  m_ws.l(dunder.o)
    0x00002fda   0x00002fda   0x00000002   PAD
    0x00002fdc   0x00002fdc   0x00000010   Code   RO          269    i.__mathlib_dbl_underflow  m_ws.l(dunder.o)
    0x00002fec   0x00002fec   0x0000000e   Code   RO          179    i._is_digit         c_w.l(__printf_wp.o)
    0x00002ffa   0x00002ffa   0x00000002   PAD
    0x00002ffc   0x00002ffc   0x00000284   Code   RO          117    i.exp               m_ws.l(exp.o)
    0x00003280   0x00003280   0x0000001c   Code   RO          307    i.fputc             c_w.l(fputc.o)
    0x0000329c   0x0000329c   0x0000002c   Code   RO          442    locale$$code        c_w.l(lc_numeric_c.o)
    0x000032c8   0x000032c8   0x0000002c   Code   RO          563    locale$$code        c_w.l(lc_ctype_c.o)
    0x000032f4   0x000032f4   0x00000062   Code   RO           90    x$fpl$d2f           fz_ws.l(d2f.o)
    0x00003356   0x00003356   0x00000002   PAD
    0x00003358   0x00003358   0x00000150   Code   RO           92    x$fpl$dadd          fz_ws.l(daddsub_clz.o)
    0x000034a8   0x000034a8   0x00000010   Code   RO          320    x$fpl$dcheck1       fz_ws.l(dcheck1.o)
    0x000034b8   0x000034b8   0x00000018   Code   RO          322    x$fpl$dcmpinf       fz_ws.l(dcmpi.o)
    0x000034d0   0x000034d0   0x000002b4   Code   RO          101    x$fpl$ddiv          fz_ws.l(ddiv.o)
    0x00003784   0x00003784   0x00000078   Code   RO          218    x$fpl$deqf          fz_ws.l(deqf.o)
    0x000037fc   0x000037fc   0x0000005e   Code   RO          220    x$fpl$dfix          fz_ws.l(dfix.o)
    0x0000385a   0x0000385a   0x0000002e   Code   RO          225    x$fpl$dflt          fz_ws.l(dflt_clz.o)
    0x00003888   0x00003888   0x00000078   Code   RO          230    x$fpl$dgeqf         fz_ws.l(dgeqf.o)
    0x00003900   0x00003900   0x00000078   Code   RO          232    x$fpl$dleqf         fz_ws.l(dleqf.o)
    0x00003978   0x00003978   0x00000154   Code   RO          234    x$fpl$dmul          fz_ws.l(dmul.o)
    0x00003acc   0x00003acc   0x0000009c   Code   RO          236    x$fpl$dnaninf       fz_ws.l(dnaninf.o)
    0x00003b68   0x00003b68   0x0000000c   Code   RO          238    x$fpl$dretinf       fz_ws.l(dretinf.o)
    0x00003b74   0x00003b74   0x0000006c   Code   RO          240    x$fpl$drleqf        fz_ws.l(drleqf.o)
    0x00003be0   0x00003be0   0x00000016   Code   RO           93    x$fpl$drsb          fz_ws.l(daddsub_clz.o)
    0x00003bf6   0x00003bf6   0x00000002   PAD
    0x00003bf8   0x00003bf8   0x000001dc   Code   RO           94    x$fpl$dsub          fz_ws.l(daddsub_clz.o)
    0x00003dd4   0x00003dd4   0x00000056   Code   RO          104    x$fpl$f2d           fz_ws.l(f2d.o)
    0x00003e2a   0x00003e2a   0x00000002   PAD
    0x00003e2c   0x00003e2c   0x000000c4   Code   RO          106    x$fpl$fadd          fz_ws.l(faddsub_clz.o)
    0x00003ef0   0x00003ef0   0x00000054   Code   RO           98    x$fpl$fcmp          fz_ws.l(dcmp.o)
    0x00003f44   0x00003f44   0x00000054   Code   RO          112    x$fpl$fcmp          fz_ws.l(fcmp.o)
    0x00003f98   0x00003f98   0x00000018   Code   RO          324    x$fpl$fcmpinf       fz_ws.l(fcmpi.o)
    0x00003fb0   0x00003fb0   0x00000068   Code   RO          242    x$fpl$feqf          fz_ws.l(feqf.o)
    0x00004018   0x00004018   0x00000068   Code   RO          244    x$fpl$fgeqf         fz_ws.l(fgeqf.o)
    0x00004080   0x00004080   0x00000068   Code   RO          246    x$fpl$fleqf         fz_ws.l(fleqf.o)
    0x000040e8   0x000040e8   0x00000102   Code   RO          114    x$fpl$fmul          fz_ws.l(fmul.o)
    0x000041ea   0x000041ea   0x0000008c   Code   RO          248    x$fpl$fnaninf       fz_ws.l(fnaninf.o)
    0x00004276   0x00004276   0x0000000a   Code   RO          250    x$fpl$fretinf       fz_ws.l(fretinf.o)
    0x00004280   0x00004280   0x000000ea   Code   RO          108    x$fpl$fsub          fz_ws.l(faddsub_clz.o)
    0x0000436a   0x0000436a   0x00000004   Code   RO          252    x$fpl$printf1       fz_ws.l(printf1.o)
    0x0000436e   0x0000436e   0x00000004   Code   RO          254    x$fpl$printf2       fz_ws.l(printf2.o)
    0x00004372   0x00004372   0x00000064   Code   RO          517    x$fpl$retnan        fz_ws.l(retnan.o)
    0x000043d6   0x000043d6   0x0000005c   Code   RO          260    x$fpl$scalbn        fz_ws.l(scalbn.o)
    0x00004432   0x00004432   0x00000030   Code   RO          577    x$fpl$trapveneer    fz_ws.l(trapv.o)
    0x00004462   0x00004462   0x00000000   Code   RO          262    x$fpl$usenofp       fz_ws.l(usenofp.o)
    0x00004462   0x00004462   0x00000006   PAD
    0x00004468   0x00004468   0x00000058   Data   RO          118    .constdata          m_ws.l(exp.o)
    0x000044c0   0x000044c0   0x00000008   Data   RO          138    .constdata          c_w.l(_printf_wctomb.o)
    0x000044c8   0x000044c8   0x00000028   Data   RO          167    .constdata          c_w.l(_printf_hex_int_ll_ptr.o)
    0x000044f0   0x000044f0   0x00000011   Data   RO          187    .constdata          c_w.l(__printf_flags_ss_wp.o)
    0x00004501   0x00004501   0x00000026   Data   RO          295    .constdata          c_w.l(_printf_fp_hex.o)
    0x00004527   0x00004527   0x00000004   Data   RO          326    .constdata          c_w.l(sys_io_names.o)
    0x0000452b   0x0000452b   0x00000004   Data   RO          327    .constdata          c_w.l(sys_io_names.o)
    0x0000452f   0x0000452f   0x00000004   Data   RO          328    .constdata          c_w.l(sys_io_names.o)
    0x00004533   0x00004533   0x00000001   PAD
    0x00004534   0x00004534   0x00000094   Data   RO          402    .constdata          c_w.l(bigflt0.o)
    0x000045c8   0x000045c8   0x00000064   Data   RO           29    .rodata..L__const.Initialize_ModelParameters.Kernel_L1_data  source.o
    0x0000462c   0x0000462c   0x00000064   Data   RO           30    .rodata..L__const.Initialize_ModelParameters.Kernel_L2_data  source.o
    0x00004690   0x00004690   0x00000064   Data   RO           31    .rodata..L__const.Initialize_ModelParameters.Kernel_L3_data  source.o
    0x000046f4   0x000046f4   0x00000064   Data   RO           32    .rodata..L__const.Initialize_ModelParameters.Kernel_L4_data  source.o
    0x00004758   0x00004758   0x00000064   Data   RO           33    .rodata..L__const.Initialize_ModelParameters.Kernel_L5_data  source.o
    0x000047bc   0x000047bc   0x000001e0   Data   RO           34    .rodata..L__const.Initialize_ModelParameters.Weights_L7_data  source.o
    0x0000499c   0x0000499c   0x00003230   Data   RO           28    .rodata..L__const.Initialize_ModelParameters.audio_sample_data  source.o
    0x00007bcc   0x00007bcc   0x0000002b   Data   RO           27    .rodata.str1.1      source.o
    0x00007bf7   0x00007bf7   0x00000001   PAD
    0x00007bf8   0x00007bf8   0x0000001c   Data   RO          441    locale$$data        c_w.l(lc_numeric_c.o)
    0x00007c14   0x00007c14   0x00000110   Data   RO          562    locale$$data        c_w.l(lc_ctype_c.o)


    Execution Region ER_RW (Exec base: 0x20000000, Load base: 0x00007d24, Size: 0x00000010, Max: 0xffffffff, ABSOLUTE)

    Exec Addr    Load Addr    Size         Type   Attr      Idx    E Section Name        Object

    0x20000000   0x00007d24   0x00000004   Data   RW          215    .data               c_w.l(stdio_streams.o)
    0x20000004   0x00007d28   0x00000004   Data   RW          216    .data               c_w.l(stdio_streams.o)
    0x20000008   0x00007d2c   0x00000004   Data   RW          217    .data               c_w.l(stdio_streams.o)
    0x2000000c   0x00007d30   0x00000004   Data   RW           75    .data.SystemCoreClock  system_tm4c129.o


    Execution Region ER_ZI (Exec base: 0x20000010, Load base: 0x00007d34, Size: 0x0002acc0, Max: 0xffffffff, ABSOLUTE)

    Exec Addr    Load Addr    Size         Type   Attr      Idx    E Section Name        Object

    0x20000010        -       0x00000054   Zero   RW          212    .bss                c_w.l(stdio_streams.o)
    0x20000064        -       0x00000054   Zero   RW          213    .bss                c_w.l(stdio_streams.o)
    0x200000b8        -       0x00000054   Zero   RW          214    .bss                c_w.l(stdio_streams.o)
    0x2000010c        -       0x00000004   Zero   RW          282    .bss                c_w.l(rt_errno_addr.o)
    0x20000110        -       0x00000014   Zero   RW          337    .bss                c_w.l(rt_locale.o)
    0x20000124        -       0x00000004   Zero   RW          526    .bss                c_w.l(rt_heap_descriptor.o)
    0x20000128        -       0x00000004   Zero   RW           42    .bss.Bais_L1        source.o
    0x2000012c        -       0x00000004   Zero   RW           43    .bss.Bais_L2        source.o
    0x20000130        -       0x00000004   Zero   RW           44    .bss.Bais_L3        source.o
    0x20000134        -       0x00000004   Zero   RW           45    .bss.Bais_L4        source.o
    0x20000138        -       0x00000004   Zero   RW           46    .bss.Bais_L5        source.o
    0x2000013c        -       0x00000004   Zero   RW           47    .bss.Bais_L7        source.o
    0x20000140        -       0x00000004   Zero   RW           48    .bss.Bais_L8        source.o
    0x20000144        -       0x00000064   Zero   RW           35    .bss.Kernel_L1      source.o
    0x200001a8        -       0x00000064   Zero   RW           36    .bss.Kernel_L2      source.o
    0x2000020c        -       0x00000064   Zero   RW           37    .bss.Kernel_L3      source.o
    0x20000270        -       0x00000064   Zero   RW           38    .bss.Kernel_L4      source.o
    0x200002d4        -       0x00000064   Zero   RW           39    .bss.Kernel_L5      source.o
    0x20000338        -       0x00000004   Zero   RW           41    .bss.Weight_L8      source.o
    0x2000033c        -       0x000001e0   Zero   RW           40    .bss.Weights_L7     source.o
    0x2000051c        -       0x0000ac80   Zero   RW           49    .bss.audio_out_layer1  source.o
    0x2000b19c        -       0x00009240   Zero   RW           50    .bss.audio_out_layer2  source.o
    0x200143dc        -       0x00007a00   Zero   RW           51    .bss.audio_out_layer3  source.o
    0x2001bddc        -       0x000063c0   Zero   RW           52    .bss.audio_out_layer4  source.o
    0x2002219c        -       0x00004f80   Zero   RW           53    .bss.audio_out_layer5  source.o
    0x2002711c        -       0x00000780   Zero   RW           54    .bss.audio_out_layer6  source.o
    0x2002789c        -       0x00003230   Zero   RW           26    .bss.audio_sample   source.o
    0x2002aacc   0x00007d34   0x00000004   PAD
    0x2002aad0        -       0x00000000   Zero   RW           62    HEAP                startup_tm4c129.o
    0x2002aad0        -       0x00000200   Zero   RW           61    STACK               startup_tm4c129.o


==============================================================================

Image component sizes


      Code (inc. data)   RO Data    RW Data    ZI Data      Debug   Object Name

      2104          0      13871          0     174500       5415   source.o
       300         22        512          0        512       6000   startup_tm4c129.o
        20          0          0          4          0        676   system_tm4c129.o

    ----------------------------------------------------------------------
      2434         22      14384          4     175016      12091   Object Totals
         0          0          0          0          0          0   (incl. Generated)
        10          0          1          0          4          0   (incl. Padding)

    ----------------------------------------------------------------------

      Code (inc. data)   RO Data    RW Data    ZI Data      Debug   Library Member Name

       392          4         17          0          0         92   __printf_flags_ss_wp.o
        14          0          0          0          0         68   __printf_wp.o
        72          0          0          0          0         96   _c16rtomb.o
         6          0          0          0          0          0   _printf_a.o
         6          0          0          0          0          0   _printf_c.o
        44          0          0          0          0        108   _printf_char.o
        48          6          0          0          0         96   _printf_char_common.o
        36          4          0          0          0         80   _printf_char_file.o
        40          0          0          0          0         68   _printf_charcount.o
         6          0          0          0          0          0   _printf_d.o
       120         16          0          0          0         92   _printf_dec.o
         6          0          0          0          0          0   _printf_e.o
         6          0          0          0          0          0   _printf_f.o
      1052          0          0          0          0        148   _printf_fp_dec.o
       764          8         38          0          0        100   _printf_fp_hex.o
       128         16          0          0          0         84   _printf_fp_infnan.o
         6          0          0          0          0          0   _printf_g.o
       148          4         40          0          0        160   _printf_hex_int_ll_ptr.o
         6          0          0          0          0          0   _printf_i.o
       178          0          0          0          0         88   _printf_intcommon.o
        10          0          0          0          0          0   _printf_l.o
         6          0          0          0          0          0   _printf_lc.o
        10          0          0          0          0          0   _printf_ll.o
         6          0          0          0          0          0   _printf_lld.o
         6          0          0          0          0          0   _printf_lli.o
         6          0          0          0          0          0   _printf_llo.o
         6          0          0          0          0          0   _printf_llu.o
         6          0          0          0          0          0   _printf_llx.o
       124         16          0          0          0         92   _printf_longlong_dec.o
         6          0          0          0          0          0   _printf_ls.o
         6          0          0          0          0          0   _printf_n.o
         6          0          0          0          0          0   _printf_o.o
       112          8          0          0          0        124   _printf_oct_int_ll.o
         6          0          0          0          0          0   _printf_p.o
        78          0          0          0          0        108   _printf_pad.o
         0          0          0          0          0          0   _printf_percent.o
         4          0          0          0          0          0   _printf_percent_end.o
         6          0          0          0          0          0   _printf_s.o
        82          0          0          0          0         80   _printf_str.o
        36          0          0          0          0         84   _printf_truncate.o
         6          0          0          0          0          0   _printf_u.o
        44          0          0          0          0        108   _printf_wchar.o
       188          6          8          0          0         92   _printf_wctomb.o
         6          0          0          0          0          0   _printf_x.o
        22          0          0          0          0        100   _rserrno.o
       228          4        148          0          0         96   bigflt0.o
      1936        128          0          0          0        668   btod.o
        10          0          0          0          0         68   defsig_exit.o
        50          0          0          0          0         88   defsig_general.o
        80         58          0          0          0         76   defsig_rtmem_inner.o
        14          0          0          0          0         80   defsig_rtmem_outer.o
        52         38          0          0          0         76   defsig_rtred_inner.o
        14          0          0          0          0         80   defsig_rtred_outer.o
        76          0          0          0          0         88   fclose.o
         8          0          0          0          0         68   ferror.o
       482          0          0          0          0         92   flsbuf.o
       240          6          0          0          0        128   fopen.o
        28          0          0          0          0         68   fputc.o
       248          6          0          0          0         84   fseek.o
        66          0          0          0          0         76   ftell.o
        94          0          0          0          0         80   h1_alloc.o
        52          0          0          0          0         68   h1_extend.o
        78          0          0          0          0         80   h1_free.o
        14          0          0          0          0         84   h1_init.o
         6          0          0          0          0        152   heapauxi.o
         4          0          0          0          0        136   hguard.o
         0          0          0          0          0          0   indicate_semi.o
       138          0          0          0          0        168   init_alloc.o
       312         46          0          0          0        112   initio.o
        44         10        272          0          0         76   lc_ctype_c.o
        44         10         28          0          0         76   lc_numeric_c.o
         0          0          0          0          0          0   libinit2.o
         0          0          0          0          0          0   libshutdown2.o
       138          0          0          0          0         80   lludiv10.o
         0          0          0          0          0          0   maybetermalloc1.o
        24          4          0          0          0         84   printf.o
        16          4          0          0          0         76   rt_ctype_table.o
         8          4          0          0          4         68   rt_errno_addr.o
         8          4          0          0          4         68   rt_heap_descriptor.o
         8          4          0          0         20         68   rt_locale.o
        78          0          0          0          0         80   rt_memclr_w.o
       100          0          0          0          0         80   rt_memcpy_w.o
        70          0          0          0          0         80   setvbuf.o
       240          6          0          0          0        156   stdio.o
         0          0          0         12        252          0   stdio_streams.o
       124          0          0          0          0         88   strcmpv7em.o
        62          0          0          0          0         76   strlen.o
        12          4          0          0          0         68   sys_exit.o
       102          0          0          0          0        240   sys_io.o
         0          0         12          0          0          0   sys_io_names.o
        14          0          0          0          0         76   sys_wrch.o
         2          0          0          0          0         68   use_no_semi.o
        98          4          0          0          0         92   d2f.o
       834         16          0          0          0        372   daddsub_clz.o
        16          4          0          0          0         68   dcheck1.o
        84          0          0          0          0        196   dcmp.o
        24          0          0          0          0         68   dcmpi.o
       692        140          0          0          0        216   ddiv.o
       120          4          0          0          0         92   deqf.o
        94          4          0          0          0         92   dfix.o
        46          0          0          0          0         68   dflt_clz.o
       120          4          0          0          0         92   dgeqf.o
       120          4          0          0          0         92   dleqf.o
       340         12          0          0          0        104   dmul.o
       156          4          0          0          0         92   dnaninf.o
        12          0          0          0          0         68   dretinf.o
       108          0          0          0          0         80   drleqf.o
        86          4          0          0          0         84   f2d.o
       430          8          0          0          0        168   faddsub_clz.o
        84          0          0          0          0        196   fcmp.o
        24          0          0          0          0         68   fcmpi.o
       104          4          0          0          0         84   feqf.o
       104          4          0          0          0         84   fgeqf.o
       104          4          0          0          0         84   fleqf.o
       258          4          0          0          0         84   fmul.o
       140          4          0          0          0         84   fnaninf.o
        10          0          0          0          0         68   fretinf.o
         4          0          0          0          0         68   printf1.o
         4          0          0          0          0         68   printf2.o
       100          0          0          0          0         68   retnan.o
        92          0          0          0          0         68   scalbn.o
        48          0          0          0          0         68   trapv.o
         0          0          0          0          0          0   usenofp.o
        36          6          0          0          0        204   dunder.o
       644         90         88          0          0        204   exp.o
        40          0          0          0          0         68   fpclassify.o
       170          0          0          0          0         96   poly.o

    ----------------------------------------------------------------------
     14566        752        652         12        280      10100   Library Totals
        30          4          1          0          0          0   (incl. Padding)

    ----------------------------------------------------------------------

      Code (inc. data)   RO Data    RW Data    ZI Data      Debug   Library Name

      9190        424        563         12        280       6392   c_w.l
      4456        228          0          0          0       3136   fz_ws.l
       890         96         88          0          0        572   m_ws.l

    ----------------------------------------------------------------------
     14566        752        652         12        280      10100   Library Totals

    ----------------------------------------------------------------------

==============================================================================


      Code (inc. data)   RO Data    RW Data    ZI Data      Debug   

     17000        774      15036         16     175296      16555   Grand Totals
     17000        774      15036         16     175296      16555   ELF Image Totals
     17000        774      15036         16          0          0   ROM Totals

==============================================================================

    Total RO  Size (Code + RO Data)                32036 (  31.29kB)
    Total RW  Size (RW Data + ZI Data)            175312 ( 171.20kB)
    Total ROM Size (Code + RO Data + RW Data)      32052 (  31.30kB)

==============================================================================

